 yubi

 Timestamp is 60395b96 (Fri Feb 26 21:35:34 2021)

 Preferred load address is 0000000140000000

 Start         Length     Name                   Class
 0001:00000000 00067db0H .text$mn                CODE
 0001:00067db0 00001040H .text$mn$00             CODE
 0001:00068df0 00001c17H .text$x                 CODE
 0002:00000000 00000110H .CRT$XCA                DATA
 0002:00000110 00000110H .CRT$XCAA               DATA
 0002:00000220 00000110H .CRT$XCZ                DATA
 0002:00000330 00000110H .CRT$XIA                DATA
 0002:00000440 00000110H .CRT$XIAA               DATA
 0002:00000550 00000110H .CRT$XIAC               DATA
 0002:00000660 00000130H .CRT$XIC                DATA
 0002:00000790 00000110H .CRT$XIZ                DATA
 0002:000008a0 00000110H .CRT$XPA                DATA
 0002:000009b0 00000120H .CRT$XPX                DATA
 0002:00000ad0 00000110H .CRT$XPXA               DATA
 0002:00000be0 00000110H .CRT$XPZ                DATA
 0002:00000cf0 00000110H .CRT$XTA                DATA
 0002:00000e00 00000110H .CRT$XTZ                DATA
 0002:00000f10 0000c4f0H .rdata                  DATA
 0002:0000d400 00000110H .rdata$CastGuardVftablesA DATA
 0002:0000d510 00000110H .rdata$CastGuardVftablesC DATA
 0002:0000d620 0000060cH .rdata$r                DATA
 0002:0000dc2c 0000015cH .rdata$zzzdbg           DATA
 0002:0000dd88 00000110H .rtc$IAA                DATA
 0002:0000de98 00000110H .rtc$IZZ                DATA
 0002:0000dfa8 00000110H .rtc$TAA                DATA
 0002:0000e0b8 00000110H .rtc$TZZ                DATA
 0002:0000e1c8 00006320H .xdata                  DATA
 0002:000144e8 00000196H .xdata$x                DATA
 0002:0001467e 00000000H .edata                  DATA
 0003:00000000 00000db0H .data                   DATA
 0003:00000db0 000002c0H .data$r                 DATA
 0003:00001070 00002041H .bss                    DATA
 0004:00000000 00004e00H .pdata                  DATA
 0005:00000000 00000378H .idata$5                DATA
 0005:00000378 00000014H .idata$2                DATA
 0005:0000038c 00000014H .idata$3                DATA
 0005:000003a0 00000378H .idata$4                DATA
 0005:00000718 000007d9H .idata$6                DATA
 0006:00000000 00000151H .00cfg                  DATA
 0007:00000000 000001b5H _RDATA                  DATA

  Address         Publics by Value              Rva+Base               Lib:Object

 0000:00000000       __guard_longjmp_count      0000000000000000     <absolute>
 0000:00000000       __enclave_config           0000000000000000     <absolute>
 0000:00000000       __arm64x_redirection_metadata_count 0000000000000000     <absolute>
 0000:00000000       __x64_code_ranges_to_entry_points_count 0000000000000000     <absolute>
 0000:00000000       ___safe_se_handler_table   0000000000000000     <absolute>
 0000:00000000       ___safe_se_handler_count   0000000000000000     <absolute>
 0000:00000000       __arm64x_extra_rfe_table_size 0000000000000000     <absolute>
 0000:00000000       __volatile_metadata        0000000000000000     <absolute>
 0000:00000000       __hybrid_code_map          0000000000000000     <absolute>
 0000:00000000       __hybrid_code_map_count    0000000000000000     <absolute>
 0000:00000000       __dynamic_value_reloc_table 0000000000000000     <absolute>
 0000:00000000       __arm64x_extra_rfe_table   0000000000000000     <absolute>
 0000:00000000       __AbsoluteZero             0000000000000000     <absolute>
 0000:00000000       __arm64x_redirection_metadata 0000000000000000     <absolute>
 0000:00000000       __arm64x_native_entrypoint 0000000000000000     <absolute>
 0000:00000000       __guard_eh_cont_count      0000000000000000     <absolute>
 0000:00000000       __guard_fids_count         0000000000000000     <absolute>
 0000:00000000       __guard_fids_table         0000000000000000     <absolute>
 0000:00000000       __guard_longjmp_table      0000000000000000     <absolute>
 0000:00000000       __hybrid_auxiliary_iat     0000000000000000     <absolute>
 0000:00000000       __guard_iat_count          0000000000000000     <absolute>
 0000:00000000       __guard_eh_cont_table      0000000000000000     <absolute>
 0000:00000000       __x64_code_ranges_to_entry_points 0000000000000000     <absolute>
 0000:00000000       __guard_iat_table          0000000000000000     <absolute>
 0000:00000100       __guard_flags              0000000000000100     <absolute>
 0000:00000000       __ImageBase                0000000140000000     <linker-defined>
 0001:00005c70       main                       0000000140006c70 f   main.obj
 0001:00005f80       ?configure_argv@__scrt_narrow_argv_policy@@SAHXZ 0000000140006f80 f i LIBCMT:exe_main.obj
 0001:00005f9c       ?initialize_environment@__scrt_narrow_environment_policy@@SAHXZ 0000000140006f9c f i LIBCMT:exe_main.obj
 0001:00005fe8       ?set_app_type@__scrt_main_policy@@SAXXZ 0000000140006fe8 f i LIBCMT:exe_main.obj
 0001:00005ff4       ?set_commode@__scrt_file_policy@@SAXXZ 0000000140006ff4 f i LIBCMT:exe_main.obj
 0001:00006014       ?set_fmode@__scrt_file_policy@@SAXXZ 0000000140007014 f i LIBCMT:exe_main.obj
 0001:00006030       mainCRTStartup             0000000140007030 f   LIBCMT:exe_main.obj
 0001:000060e0       NtCurrentTeb               00000001400070e0 f i LIBCMT:utility.obj
 0001:000060ec       __scrt_acquire_startup_lock 00000001400070ec f   LIBCMT:utility.obj
 0001:00006134       __scrt_dllmain_after_initialize_c 0000000140007134 f   LIBCMT:utility.obj
 0001:00006178       __scrt_dllmain_before_initialize_c 0000000140007178 f   LIBCMT:utility.obj
 0001:00006194       __scrt_dllmain_crt_thread_attach 0000000140007194 f   LIBCMT:utility.obj
 0001:000061c8       __scrt_dllmain_crt_thread_detach 00000001400071c8 f   LIBCMT:utility.obj
 0001:000061e4       __scrt_dllmain_exception_filter 00000001400071e4 f   LIBCMT:utility.obj
 0001:0000625c       __scrt_dllmain_uninitialize_c 000000014000725c f   LIBCMT:utility.obj
 0001:00006298       __scrt_dllmain_uninitialize_critical 0000000140007298 f   LIBCMT:utility.obj
 0001:000062b4       __scrt_initialize_crt      00000001400072b4 f   LIBCMT:utility.obj
 0001:00006310       __scrt_initialize_onexit_tables 0000000140007310 f   LIBCMT:utility.obj
 0001:000063c0       __scrt_is_nonwritable_in_current_image 00000001400073c0 f   LIBCMT:utility.obj
 0001:00006480       __scrt_release_startup_lock 0000000140007480 f   LIBCMT:utility.obj
 0001:000064b0       __scrt_uninitialize_crt    00000001400074b0 f   LIBCMT:utility.obj
 0001:000064e4       _onexit                    00000001400074e4 f   LIBCMT:utility.obj
 0001:0000652c       at_quick_exit              000000014000752c f   LIBCMT:utility.obj
 0001:00006550       atexit                     0000000140007550 f   LIBCMT:utility.obj
 0001:000065f4       __security_init_cookie     00000001400075f4 f   LIBCMT:gs_support.obj
 0001:000066cc       _matherr                   00000001400076cc f   LIBCMT:matherr.obj
 0001:000066d0       _get_startup_argv_mode     00000001400076d0 f   LIBCMT:argv_mode.obj
 0001:000066d8       _get_startup_commit_mode   00000001400076d8 f   LIBCMT:commit_mode.obj
 0001:000066dc       _get_startup_file_mode     00000001400076dc f   LIBCMT:file_mode.obj
 0001:000066e4       _get_startup_new_mode      00000001400076e4 f   LIBCMT:new_mode.obj
 0001:000066e8       _get_startup_thread_locale_mode 00000001400076e8 f   LIBCMT:thread_locale.obj
 0001:000066ec       ?__scrt_initialize_type_info@@YAXXZ 00000001400076ec f   LIBCMT:tncleanup.obj
 0001:00006700       ?__scrt_uninitialize_type_info@@YAXXZ 0000000140007700 f   LIBCMT:tncleanup.obj
 0001:00006710       _should_initialize_environment 0000000140007710 f   LIBCMT:env_mode.obj
 0001:00006714       _initialize_invalid_parameter_handler 0000000140007714 f   LIBCMT:invalid_parameter_handler.obj
 0001:00006718       _initialize_denormal_control 0000000140007718 f   LIBCMT:denormal_control.obj
 0001:0000671c       __local_stdio_printf_options 000000014000771c f i LIBCMT:default_local_stdio_options.obj
 0001:00006728       __local_stdio_scanf_options 0000000140007728 f i LIBCMT:default_local_stdio_options.obj
 0001:00006734       __scrt_initialize_default_local_stdio_options 0000000140007734 f   LIBCMT:default_local_stdio_options.obj
 0001:00006758       __scrt_is_user_matherr_present 0000000140007758 f   LIBCMT:matherr_detection.obj
 0001:00006768       __scrt_get_dyn_tls_init_callback 0000000140007768 f   LIBCMT:dyn_tls_init.obj
 0001:00006774       __scrt_get_dyn_tls_dtor_callback 0000000140007774 f   LIBCMT:dyn_tls_dtor.obj
 0001:00006780       __crt_debugger_hook        0000000140007780 f   LIBCMT:utility_desktop.obj
 0001:0000678c       __scrt_fastfail            000000014000778c f   LIBCMT:utility_desktop.obj
 0001:00006928       __scrt_get_show_window_mode 0000000140007928 f   LIBCMT:utility_desktop.obj
 0001:00006970       __scrt_initialize_mta      0000000140007970 f   LIBCMT:utility_desktop.obj
 0001:00006978       __scrt_initialize_winrt    0000000140007978 f   LIBCMT:utility_desktop.obj
 0001:0000697c       __scrt_is_managed_app      000000014000797c f   LIBCMT:utility_desktop.obj
 0001:000069e4       __scrt_set_unhandled_exception_filter 00000001400079e4 f   LIBCMT:utility_desktop.obj
 0001:000069f8       __scrt_exe_initialize_mta  00000001400079f8 f   LIBCMT:utility_desktop.obj
 0001:000069f8       __scrt_stub_for_initialize_mta 00000001400079f8 f   LIBCMT:utility_desktop.obj
 0001:000069fc       __scrt_unhandled_exception_filter 00000001400079fc f   LIBCMT:utility_desktop.obj
 0001:00006a70       _RTC_Initialize            0000000140007a70 f   LIBCMT:initsect.obj
 0001:00006abc       _RTC_Terminate             0000000140007abc f   LIBCMT:initsect.obj
 0001:00006b08       _guard_check_icall_nop     0000000140007b08 f i LIBCMT:guard_support.obj
 0001:00006b0c       ReadNoFence64              0000000140007b0c f i LIBCMT:guard_support.obj
 0001:00006b10       ReadPointerNoFence         0000000140007b10 f i LIBCMT:guard_support.obj
 0001:00006b14       __castguard_check_failure_debugbreak 0000000140007b14 f i LIBCMT:guard_support.obj
 0001:00006b38       __castguard_check_failure_fastfail 0000000140007b38 f i LIBCMT:guard_support.obj
 0001:00006b64       __castguard_check_failure_nop 0000000140007b64 f i LIBCMT:guard_support.obj
 0001:00006b68       __castguard_check_failure_os_handled 0000000140007b68 f i LIBCMT:guard_support.obj
 0001:00006bdc       __castguard_slow_path_check_debugbreak 0000000140007bdc f i LIBCMT:guard_support.obj
 0001:00006c20       __castguard_slow_path_check_fastfail 0000000140007c20 f i LIBCMT:guard_support.obj
 0001:00006c68       __castguard_slow_path_check_nop 0000000140007c68 f i LIBCMT:guard_support.obj
 0001:00006c6c       __castguard_slow_path_check_os_handled 0000000140007c6c f i LIBCMT:guard_support.obj
 0001:00006cf8       _guard_icall_checks_enforced 0000000140007cf8 f i LIBCMT:guard_support.obj
 0001:00006d14       _guard_rf_checks_enforced  0000000140007d14 f i LIBCMT:guard_support.obj
 0001:00006d18       __isa_available_init       0000000140007d18 f   LIBCMT:cpu_disp.obj
 0001:00006f24       __scrt_is_ucrt_dll_in_use  0000000140007f24 f   LIBCMT:ucrt_detection.obj
 0001:00006f40       QueryPerformanceCounter    0000000140007f40 f   kernel32:KERNEL32.dll
 0001:00006f46       GetCurrentProcessId        0000000140007f46 f   kernel32:KERNEL32.dll
 0001:00006f4c       GetCurrentThreadId         0000000140007f4c f   kernel32:KERNEL32.dll
 0001:00006f52       GetSystemTimeAsFileTime    0000000140007f52 f   kernel32:KERNEL32.dll
 0001:00006f58       InitializeSListHead        0000000140007f58 f   kernel32:KERNEL32.dll
 0001:00006f5e       RtlCaptureContext          0000000140007f5e f   kernel32:KERNEL32.dll
 0001:00006f64       RtlLookupFunctionEntry     0000000140007f64 f   kernel32:KERNEL32.dll
 0001:00006f6a       RtlVirtualUnwind           0000000140007f6a f   kernel32:KERNEL32.dll
 0001:00006f70       IsDebuggerPresent          0000000140007f70 f   kernel32:KERNEL32.dll
 0001:00006f76       UnhandledExceptionFilter   0000000140007f76 f   kernel32:KERNEL32.dll
 0001:00006f7c       SetUnhandledExceptionFilter 0000000140007f7c f   kernel32:KERNEL32.dll
 0001:00006f82       GetStartupInfoW            0000000140007f82 f   kernel32:KERNEL32.dll
 0001:00006f88       IsProcessorFeaturePresent  0000000140007f88 f   kernel32:KERNEL32.dll
 0001:00006f8e       GetModuleHandleW           0000000140007f8e f   kernel32:KERNEL32.dll
 0001:00006f94       __C_specific_handler       0000000140007f94 f   libvcruntime:riscchandler.obj
 0001:00007224       __vcrt_initialize          0000000140008224 f   libvcruntime:initialization.obj
 0001:00007258       __vcrt_thread_attach       0000000140008258 f   libvcruntime:initialization.obj
 0001:00007274       __vcrt_thread_detach       0000000140008274 f   libvcruntime:initialization.obj
 0001:0000728c       __vcrt_uninitialize        000000014000828c f   libvcruntime:initialization.obj
 0001:000072ac       __vcrt_uninitialize_critical 00000001400082ac f   libvcruntime:initialization.obj
 0001:000072d4       ??$?RD@__crt_internal_free_policy@@QEBAXQEBD@Z 00000001400082d4 f i libvcruntime:std_type_info.obj
 0001:000072e0       ??$?RX@__crt_internal_free_policy@@QEBAXQEBX@Z 00000001400082e0 f i libvcruntime:std_type_info.obj
 0001:000072ec       ??$__crt_interlocked_compare_exchange_pointer@$$CBDPEAD$$T@@YAPEBDPEDSEBDQEAD$$T@Z 00000001400082ec f i libvcruntime:std_type_info.obj
 0001:000072f8       ??$__crt_interlocked_read_pointer@$$CBD@@YAPEBDPEDSEBD@Z 00000001400082f8 f i libvcruntime:std_type_info.obj
 0001:000072fc       ??0?$__crt_unique_heap_ptr@DU__crt_internal_free_policy@@@@QEAA@QEAD@Z 00000001400082fc f i libvcruntime:std_type_info.obj
 0001:00007304       ??0?$__crt_unique_heap_ptr@XU__crt_internal_free_policy@@@@QEAA@QEAX@Z 0000000140008304 f i libvcruntime:std_type_info.obj
 0001:0000730c       ??1?$__crt_unique_heap_ptr@DU__crt_internal_free_policy@@@@QEAA@XZ 000000014000830c f i libvcruntime:std_type_info.obj
 0001:00007330       ??1?$__crt_unique_heap_ptr@XU__crt_internal_free_policy@@@@QEAA@XZ 0000000140008330 f i libvcruntime:std_type_info.obj
 0001:00007354       ??B?$__crt_unique_heap_ptr@DU__crt_internal_free_policy@@@@QEBA_NXZ 0000000140008354 f i libvcruntime:std_type_info.obj
 0001:00007360       ??B?$__crt_unique_heap_ptr@XU__crt_internal_free_policy@@@@QEBA_NXZ 0000000140008360 f i libvcruntime:std_type_info.obj
 0001:0000739c       ?__crt_interlocked_read_64@@YA_JPED_J@Z 000000014000839c f i libvcruntime:std_type_info.obj
 0001:000073a0       ?detach@?$__crt_unique_heap_ptr@XU__crt_internal_free_policy@@@@QEAAPEAXXZ 00000001400083a0 f i libvcruntime:std_type_info.obj
 0001:000073ac       ?get@?$__crt_unique_heap_ptr@DU__crt_internal_free_policy@@@@QEBAPEADXZ 00000001400083ac f i libvcruntime:std_type_info.obj
 0001:000073b0       ?get@?$__crt_unique_heap_ptr@XU__crt_internal_free_policy@@@@QEBAPEAXXZ 00000001400083b0 f i libvcruntime:std_type_info.obj
 0001:000073b4       ?is_valid@?$__crt_unique_heap_ptr@DU__crt_internal_free_policy@@@@QEBA_NXZ 00000001400083b4 f i libvcruntime:std_type_info.obj
 0001:000073c0       ?is_valid@?$__crt_unique_heap_ptr@XU__crt_internal_free_policy@@@@QEBA_NXZ 00000001400083c0 f i libvcruntime:std_type_info.obj
 0001:000073cc       ?release@?$__crt_unique_heap_ptr@DU__crt_internal_free_policy@@@@QEAAXXZ 00000001400083cc f i libvcruntime:std_type_info.obj
 0001:000073f0       ?release@?$__crt_unique_heap_ptr@XU__crt_internal_free_policy@@@@QEAAXXZ 00000001400083f0 f i libvcruntime:std_type_info.obj
 0001:00007414       __std_type_info_compare    0000000140008414 f   libvcruntime:std_type_info.obj
 0001:00007444       __std_type_info_destroy_list 0000000140008444 f   libvcruntime:std_type_info.obj
 0001:00007478       __std_type_info_hash       0000000140008478 f   libvcruntime:std_type_info.obj
 0001:000074c0       __std_type_info_name       00000001400084c0 f   libvcruntime:std_type_info.obj
 0001:0000761c       __DestructExceptionObject  000000014000861c f   libvcruntime:ehhelpers.obj
 0001:000076a4       ?_CallMemberFunction0@@YAXQEAX0@Z 00000001400086a4 f i libvcruntime:ehhelpers.obj
 0001:00007718       ?raw_name@type_info@@QEBAPEBDXZ 0000000140008718 f i libvcruntime:ehhelpers.obj
 0001:00007720       _IsExceptionObjectToBeDestroyed 0000000140008720 f   libvcruntime:ehhelpers.obj
 0001:0000775c       _SetWinRTOutOfMemoryExceptionCallback 000000014000875c f   libvcruntime:ehhelpers.obj
 0001:00007768       __AdjustPointer            0000000140008768 f   libvcruntime:ehhelpers.obj
 0001:00007794       __FrameUnwindFilter        0000000140008794 f   libvcruntime:ehhelpers.obj
 0001:00007814       __GetPlatformExceptionInfo 0000000140008814 f   libvcruntime:ehhelpers.obj
 0001:00007888       __current_exception        0000000140008888 f   libvcruntime:ehhelpers.obj
 0001:000078a0       __current_exception_context 00000001400088a0 f   libvcruntime:ehhelpers.obj
 0001:000078b8       __processing_throw         00000001400088b8 f   libvcruntime:ehhelpers.obj
 0001:000078d0       __std_terminate            00000001400088d0 f   libvcruntime:ehhelpers.obj
 0001:000078dc       _is_exception_typeof       00000001400088dc f   libvcruntime:ehhelpers.obj
 0001:000079c0       memset_repmovs             00000001400089c0 f   libvcruntime:memset.obj
 0001:000079e0       memset                     00000001400089e0 f   libvcruntime:memset.obj
 0001:00007bf0       _NLG_Notify                0000000140008bf0 f   libvcruntime:notify.obj
 0001:00007c10       __NLG_Dispatch2            0000000140008c10 f   libvcruntime:notify.obj
 0001:00007c20       __NLG_Return2              0000000140008c20 f   libvcruntime:notify.obj
 0001:00007c3c       __except_validate_context_record 0000000140008c3c f   libvcruntime:jbcxrval.obj
 0001:00007c80       __except_validate_jump_buffer 0000000140008c80 f   libvcruntime:jbcxrval.obj
 0001:00007cd0       __except_validate_jump_buffer_common 0000000140008cd0 f i libvcruntime:jbcxrval.obj
 0001:00007d44       ??$?RU__vcrt_ptd@@@__crt_internal_free_policy@@QEBAXQEBU__vcrt_ptd@@@Z 0000000140008d44 f i libvcruntime:per_thread_data.obj
 0001:00007d50       ??0?$__crt_unique_heap_ptr@U__vcrt_ptd@@U__crt_internal_free_policy@@@@QEAA@QEAU__vcrt_ptd@@@Z 0000000140008d50 f i libvcruntime:per_thread_data.obj
 0001:00007d78       ??1?$__crt_unique_heap_ptr@U__vcrt_ptd@@U__crt_internal_free_policy@@@@QEAA@XZ 0000000140008d78 f i libvcruntime:per_thread_data.obj
 0001:00007da8       ??B?$__crt_unique_heap_ptr@U__vcrt_ptd@@U__crt_internal_free_policy@@@@QEBA_NXZ 0000000140008da8 f i libvcruntime:per_thread_data.obj
 0001:00007db4       ?detach@?$__crt_unique_heap_ptr@U__vcrt_ptd@@U__crt_internal_free_policy@@@@QEAAPEAU__vcrt_ptd@@XZ 0000000140008db4 f i libvcruntime:per_thread_data.obj
 0001:00007dc0       ?get@?$__crt_unique_heap_ptr@U__vcrt_ptd@@U__crt_internal_free_policy@@@@QEBAPEAU__vcrt_ptd@@XZ 0000000140008dc0 f i libvcruntime:per_thread_data.obj
 0001:00007dc4       ?is_valid@?$__crt_unique_heap_ptr@U__vcrt_ptd@@U__crt_internal_free_policy@@@@QEBA_NXZ 0000000140008dc4 f i libvcruntime:per_thread_data.obj
 0001:00007dd0       ?release@?$__crt_unique_heap_ptr@U__vcrt_ptd@@U__crt_internal_free_policy@@@@QEAAXXZ 0000000140008dd0 f i libvcruntime:per_thread_data.obj
 0001:00007e28       __vcrt_freefls             0000000140008e28 f   libvcruntime:per_thread_data.obj
 0001:00007e50       __vcrt_freeptd             0000000140008e50 f   libvcruntime:per_thread_data.obj
 0001:00007eb0       __vcrt_getptd              0000000140008eb0 f   libvcruntime:per_thread_data.obj
 0001:00007ed0       __vcrt_getptd_noexit       0000000140008ed0 f   libvcruntime:per_thread_data.obj
 0001:00007fc0       __vcrt_getptd_noinit       0000000140008fc0 f   libvcruntime:per_thread_data.obj
 0001:00008020       __vcrt_initialize_ptd      0000000140009020 f   libvcruntime:per_thread_data.obj
 0001:00008078       __vcrt_uninitialize_ptd    0000000140009078 f   libvcruntime:per_thread_data.obj
 0001:000080a4       __vcrt_initialize_locks    00000001400090a4 f   libvcruntime:locks.obj
 0001:000080e4       __vcrt_lock                00000001400090e4 f   libvcruntime:locks.obj
 0001:00008104       __vcrt_uninitialize_locks  0000000140009104 f   libvcruntime:locks.obj
 0001:00008148       __vcrt_unlock              0000000140009148 f   libvcruntime:locks.obj
 0001:00008168       ??$?0$00@DName@@QEAA@PEBDU?$StringLifeSelector@$00@@@Z 0000000140009168 f i libvcruntime:undname.obj
 0001:000081b8       ??$?0$00@pcharNode@@QEAA@PEBDHU?$StringLifeSelector@$00@@@Z 00000001400091b8 f i libvcruntime:undname.obj
 0001:000081d4       ??$?0$01@DName@@QEAA@PEBDU?$StringLifeSelector@$01@@@Z 00000001400091d4 f i libvcruntime:undname.obj
 0001:00008224       ??$?0$01@pcharNode@@QEAA@PEBDHU?$StringLifeSelector@$01@@@Z 0000000140009224 f i libvcruntime:undname.obj
 0001:000082b4       ??$?0$0A@@DName@@QEAA@PEBDU?$StringLifeSelector@$0A@@@@Z 00000001400092b4 f i libvcruntime:undname.obj
 0001:00008304       ??$?0$0A@@pcharNode@@QEAA@PEBDHU?$StringLifeSelector@$0A@@@@Z 0000000140009304 f i libvcruntime:undname.obj
 0001:00008394       ??$?0_K$0A@@?$optional@_K@std@@QEAA@$$QEA_K@Z 0000000140009394 f i libvcruntime:undname.obj
 0001:000083a8       ??$?0_K@?$_Optional_construct_base@_K@std@@QEAA@Uin_place_t@1@$$QEA_K@Z 00000001400093a8 f i libvcruntime:undname.obj
 0001:000083bc       ??$?0_K@?$_Optional_destruct_base@_K$00@std@@QEAA@Uin_place_t@1@$$QEA_K@Z 00000001400093bc f i libvcruntime:undname.obj
 0001:000083d0       ??$append@VDNameNode@@@DName@@AEAAXPEBVDNameNode@@@Z 00000001400093d0 f i libvcruntime:undname.obj
 0001:0000844c       ??$append@VDNameStatusNode@@@DName@@AEAAXPEBVDNameStatusNode@@@Z 000000014000944c f i libvcruntime:undname.obj
 0001:000084c8       ??$append@VcharNode@@@DName@@AEAAXPEBVcharNode@@@Z 00000001400094c8 f i libvcruntime:undname.obj
 0001:00008544       ??$append@VpDNameNode@@@DName@@AEAAXPEBVpDNameNode@@@Z 0000000140009544 f i libvcruntime:undname.obj
 0001:000085c0       ??$append@VpcharNode@@@DName@@AEAAXPEBVpcharNode@@@Z 00000001400095c0 f i libvcruntime:undname.obj
 0001:0000863c       ??$doPchar@$00@DName@@AEAAXPEBDH@Z 000000014000963c f i libvcruntime:undname.obj
 0001:00008708       ??$doPchar@$01@DName@@AEAAXPEBDH@Z 0000000140009708 f i libvcruntime:undname.obj
 0001:000087c4       ??$doPchar@$0A@@DName@@AEAAXPEBDH@Z 00000001400097c4 f i libvcruntime:undname.obj
 0001:00008880       ??$forward@_K@std@@YA$$QEA_KAEA_K@Z 0000000140009880 f i libvcruntime:undname.obj
 0001:00008884       ??$size@D$04@std@@YA_KAEAY04$$CBD@Z 0000000140009884 f i libvcruntime:undname.obj
 0001:0000888c       ??$size@D$0EB@@std@@YA_KAEAY0EB@$$CBD@Z 000000014000988c f i libvcruntime:undname.obj
 0001:00008894       ??0?$_Optional_construct_base@_K@std@@QEAA@XZ 0000000140009894 f i libvcruntime:undname.obj
 0001:000088a0       ??0?$_Optional_destruct_base@_K$00@std@@QEAA@XZ 00000001400098a0 f i libvcruntime:undname.obj
 0001:000088ac       ??0?$optional@_K@std@@QEAA@XZ 00000001400098ac f i libvcruntime:undname.obj
 0001:000088b8       ??0Block@_HeapManager@@QEAA@XZ 00000001400098b8 f i libvcruntime:undname.obj
 0001:000088c4       ??0DName@@QEAA@AEAPEBDD@Z  00000001400098c4 f   libvcruntime:undname.obj
 0001:000089a0       ??0DName@@QEAA@AEBUStringLiteral@@@Z 00000001400099a0 f   libvcruntime:undname.obj
 0001:000089d8       ??0DName@@QEAA@AEBV0@@Z    00000001400099d8 f i libvcruntime:undname.obj
 0001:000089ec       ??0DName@@QEAA@D@Z         00000001400099ec f   libvcruntime:undname.obj
 0001:00008a14       ??0DName@@QEAA@PEAV0@@Z    0000000140009a14 f   libvcruntime:undname.obj
 0001:00008ab8       ??0DName@@QEAA@W4DNameStatus@@@Z 0000000140009ab8 f   libvcruntime:undname.obj
 0001:00008af0       ??0DName@@QEAA@XZ          0000000140009af0 f i libvcruntime:undname.obj
 0001:00008b00       ??0DName@@QEAA@_J@Z        0000000140009b00 f   libvcruntime:undname.obj
 0001:00008bd0       ??0DName@@QEAA@_K@Z        0000000140009bd0 f   libvcruntime:undname.obj
 0001:00008c7c       ??0DNameNode@@IEAA@XZ      0000000140009c7c f i libvcruntime:undname.obj
 0001:00008c90       ??0Replicator@@QEAA@XZ     0000000140009c90 f i libvcruntime:undname.obj
 0001:00008ca4       ??0UnDecorator@@QEAA@PEBDP6APEADJ@ZK@Z 0000000140009ca4 f i libvcruntime:undname.obj
 0001:00008d08       ??0_Nontrivial_dummy_type@std@@QEAA@XZ 0000000140009d08 f i libvcruntime:undname.obj
 0001:00008d0c       ??0charNode@@QEAA@D@Z      0000000140009d0c f i libvcruntime:undname.obj
 0001:00008d24       ??0pDNameNode@@QEAA@PEAVDName@@@Z 0000000140009d24 f   libvcruntime:undname.obj
 0001:00008d54       ??0pairNode@@QEAA@PEBVDNameNode@@0@Z 0000000140009d54 f i libvcruntime:undname.obj
 0001:00008d7c       ??2@YAPEAX_KAEAV_HeapManager@@H@Z 0000000140009d7c f   libvcruntime:undname.obj
 0001:00008db0       ??4DName@@QEAAAEAV0@AEBUStringLiteral@@@Z 0000000140009db0 f   libvcruntime:undname.obj
 0001:00008de0       ??4DName@@QEAAAEAV0@AEBV0@@Z 0000000140009de0 f   libvcruntime:undname.obj
 0001:00008df4       ??4DName@@QEAAAEAV0@D@Z    0000000140009df4 f i libvcruntime:undname.obj
 0001:00008e1c       ??4DName@@QEAAAEAV0@PEAV0@@Z 0000000140009e1c f   libvcruntime:undname.obj
 0001:00008eb0       ??4DName@@QEAAAEAV0@W4DNameStatus@@@Z 0000000140009eb0 f   libvcruntime:undname.obj
 0001:00008ed8       ??AReplicator@@QEBA?AVDName@@H@Z 0000000140009ed8 f   libvcruntime:undname.obj
 0001:00008f28       ??B?$optional@_K@std@@QEBA_NXZ 0000000140009f28 f i libvcruntime:undname.obj
 0001:00008f2c       ??D?$optional@_K@std@@QEGAAAEA_KXZ 0000000140009f2c f i libvcruntime:undname.obj
 0001:00008f30       ??H@YA?AVDName@@AEBUStringLiteral@@AEBV0@@Z 0000000140009f30 f i libvcruntime:undname.obj
 0001:00008f74       ??H@YA?AVDName@@DAEBV0@@Z  0000000140009f74 f i libvcruntime:undname.obj
 0001:00008fc8       ??H@YA?AVDName@@W4DNameStatus@@AEBV0@@Z 0000000140009fc8 f i libvcruntime:undname.obj
 0001:00009024       ??HDName@@QEBA?AV0@AEBUStringLiteral@@@Z 000000014000a024 f   libvcruntime:undname.obj
 0001:00009058       ??HDName@@QEBA?AV0@AEBV0@@Z 000000014000a058 f   libvcruntime:undname.obj
 0001:0000908c       ??HDName@@QEBA?AV0@D@Z     000000014000a08c f   libvcruntime:undname.obj
 0001:000090c0       ??HDName@@QEBA?AV0@PEAV0@@Z 000000014000a0c0 f   libvcruntime:undname.obj
 0001:000090f4       ??HDName@@QEBA?AV0@W4DNameStatus@@@Z 000000014000a0f4 f   libvcruntime:undname.obj
 0001:00009128       ??HStringLiteral@@QEBA?AU0@H@Z 000000014000a128 f i libvcruntime:undname.obj
 0001:00009144       ??YDName@@QEAAAEAV0@AEBUStringLiteral@@@Z 000000014000a144 f   libvcruntime:undname.obj
 0001:000091e4       ??YDName@@QEAAAEAV0@AEBV0@@Z 000000014000a1e4 f   libvcruntime:undname.obj
 0001:000092c4       ??YDName@@QEAAAEAV0@D@Z    000000014000a2c4 f   libvcruntime:undname.obj
 0001:0000934c       ??YDName@@QEAAAEAV0@PEAV0@@Z 000000014000a34c f   libvcruntime:undname.obj
 0001:00009404       ??YDName@@QEAAAEAV0@W4DNameStatus@@@Z 000000014000a404 f   libvcruntime:undname.obj
 0001:0000948c       ??YReplicator@@QEAAAEAV0@AEBVDName@@@Z 000000014000a48c f   libvcruntime:undname.obj
 0001:000094fc       ??_5DName@@QEAAAEAV0@AEBV0@@Z 000000014000a4fc f   libvcruntime:undname.obj
 0001:00009518       ??__K_l@@YA?AUStringLiteral@@PEBD_K@Z 000000014000a518 f i libvcruntime:undname.obj
 0001:00009528       ?Constructor@_HeapManager@@QEAAXP6APEAX_K@ZP6AXPEAX@Z@Z 000000014000a528 f i libvcruntime:undname.obj
 0001:00009544       ?Destructor@_HeapManager@@QEAAXXZ 000000014000a544 f i libvcruntime:undname.obj
 0001:000095ac       ?UScore@UnDecorator@@SA?AUStringLiteral@@W4Tokens@@@Z 000000014000a5ac f   libvcruntime:undname.obj
 0001:0000960c       ?composeDeclaration@UnDecorator@@CA?AVDName@@AEBV2@@Z 000000014000a60c f i libvcruntime:undname.obj
 0001:0000a85c       ?doAccessSpecifiers@UnDecorator@@SAHXZ 000000014000b85c f i libvcruntime:undname.obj
 0001:0000a870       ?doAllocationLanguage@UnDecorator@@SAHXZ 000000014000b870 f i libvcruntime:undname.obj
 0001:0000a884       ?doAllocationModel@UnDecorator@@SAHXZ 000000014000b884 f i libvcruntime:undname.obj
 0001:0000a898       ?doEcsu@UnDecorator@@SAHXZ 000000014000b898 f i libvcruntime:undname.obj
 0001:0000a8ac       ?doEllipsis@UnDecorator@@SAHXZ 000000014000b8ac f i libvcruntime:undname.obj
 0001:0000a8c0       ?doFunctionReturns@UnDecorator@@SAHXZ 000000014000b8c0 f i libvcruntime:undname.obj
 0001:0000a8d4       ?doMSKeywords@UnDecorator@@SAHXZ 000000014000b8d4 f i libvcruntime:undname.obj
 0001:0000a8e8       ?doMemberTypes@UnDecorator@@SAHXZ 000000014000b8e8 f i libvcruntime:undname.obj
 0001:0000a8fc       ?doNameOnly@UnDecorator@@SAHXZ 000000014000b8fc f i libvcruntime:undname.obj
 0001:0000a90c       ?doNoIdentCharCheck@UnDecorator@@SAHXZ 000000014000b90c f i libvcruntime:undname.obj
 0001:0000a91c       ?doPchar@DName@@AEAAXD@Z   000000014000b91c f   libvcruntime:undname.obj
 0001:0000a980       ?doPtr64@UnDecorator@@SAHXZ 000000014000b980 f i libvcruntime:undname.obj
 0001:0000a994       ?doRestrictionSpec@UnDecorator@@SAHXZ 000000014000b994 f i libvcruntime:undname.obj
 0001:0000a9a8       ?doThisTypes@UnDecorator@@SAHXZ 000000014000b9a8 f i libvcruntime:undname.obj
 0001:0000a9c0       ?doThrowTypes@UnDecorator@@SAHXZ 000000014000b9c0 f i libvcruntime:undname.obj
 0001:0000a9d4       ?doTypeOnly@UnDecorator@@SAHXZ 000000014000b9d4 f i libvcruntime:undname.obj
 0001:0000a9e4       ?doUnderScore@UnDecorator@@SAHXZ 000000014000b9e4 f i libvcruntime:undname.obj
 0001:0000a9f4       ?getArgumentList@UnDecorator@@CA?AVDName@@XZ 000000014000b9f4 f   libvcruntime:undname.obj
 0001:0000abec       ?getArgumentTypes@UnDecorator@@CA?AVDName@@XZ 000000014000bbec f   libvcruntime:undname.obj
 0001:0000ada0       ?getArrayObject@UnDecorator@@CA?AVDName@@XZ 000000014000bda0 f   libvcruntime:undname.obj
 0001:0000ae98       ?getArrayType@UnDecorator@@CA?AVDName@@AEBV2@@Z 000000014000be98 f i libvcruntime:undname.obj
 0001:0000b170       ?getBasedType@UnDecorator@@CA?AVDName@@XZ 000000014000c170 f   libvcruntime:undname.obj
 0001:0000b2a4       ?getBasicDataType@UnDecorator@@CA?AVDName@@AEBV2@@Z 000000014000c2a4 f   libvcruntime:undname.obj
 0001:0000b938       ?getCHPEName@UnDecorator@@QEAAPEADPEADH@Z 000000014000c938 f i libvcruntime:undname.obj
 0001:0000ba9c       ?getCallIndex@UnDecorator@@CA?AVDName@@XZ 000000014000ca9c f i libvcruntime:undname.obj
 0001:0000babc       ?getCallingConvention@UnDecorator@@CA?AVDName@@XZ 000000014000cabc f   libvcruntime:undname.obj
 0001:0000bc4c       ?getDataIndirectType@UnDecorator@@CA?AVDName@@AEBV2@W4IndirectionKind@@0H@Z 000000014000cc4c f   libvcruntime:undname.obj
 0001:0000c708       ?getDataIndirectType@UnDecorator@@CA?AVDName@@XZ 000000014000d708 f i libvcruntime:undname.obj
 0001:0000c750       ?getDataType@UnDecorator@@CA?AVDName@@PEAV2@@Z 000000014000d750 f   libvcruntime:undname.obj
 0001:0000c8a8       ?getDecoratedName@UnDecorator@@CA?AVDName@@XZ 000000014000d8a8 f   libvcruntime:undname.obj
 0001:0000cc48       ?getDimension@UnDecorator@@CA?AVDName@@_N@Z 000000014000dc48 f   libvcruntime:undname.obj
 0001:0000cde4       ?getDispatchTarget@UnDecorator@@CA?AVDName@@XZ 000000014000dde4 f   libvcruntime:undname.obj
 0001:0000ce44       ?getDisplacement@UnDecorator@@CA?AVDName@@XZ 000000014000de44 f i libvcruntime:undname.obj
 0001:0000ce64       ?getECSUDataType@UnDecorator@@CA?AVDName@@XZ 000000014000de64 f   libvcruntime:undname.obj
 0001:0000d0bc       ?getECSUName@UnDecorator@@CA?AVDName@@XZ 000000014000e0bc f i libvcruntime:undname.obj
 0001:0000d0d8       ?getEnumType@UnDecorator@@CA?AVDName@@XZ 000000014000e0d8 f i libvcruntime:undname.obj
 0001:0000d248       ?getExtendedDataIndirectType@UnDecorator@@CA?AVDName@@AEAW4IndirectionKind@@AEA_NH@Z 000000014000e248 f   libvcruntime:undname.obj
 0001:0000d4d0       ?getExternalDataType@UnDecorator@@CA?AVDName@@AEBV2@@Z 000000014000e4d0 f i libvcruntime:undname.obj
 0001:0000d5c0       ?getFloatingPoint@UnDecorator@@CA?AVDName@@H@Z 000000014000e5c0 f   libvcruntime:undname.obj
 0001:0000d728       ?getFunctionIndirectType@UnDecorator@@CA?AVDName@@AEBV2@@Z 000000014000e728 f   libvcruntime:undname.obj
 0001:0000ddac       ?getGuardNumber@UnDecorator@@CA?AVDName@@XZ 000000014000edac f i libvcruntime:undname.obj
 0001:0000ddcc       ?getLastChar@DName@@QEBADXZ 000000014000edcc f i libvcruntime:undname.obj
 0001:0000ddec       ?getLastChar@DNameStatusNode@@UEBADXZ 000000014000edec f i libvcruntime:undname.obj
 0001:0000ddfc       ?getLastChar@charNode@@UEBADXZ 000000014000edfc f i libvcruntime:undname.obj
 0001:0000de00       ?getLastChar@pDNameNode@@UEBADXZ 000000014000ee00 f i libvcruntime:undname.obj
 0001:0000de34       ?getLastChar@pairNode@@UEBADXZ 000000014000ee34 f i libvcruntime:undname.obj
 0001:0000de78       ?getLastChar@pcharNode@@UEBADXZ 000000014000ee78 f i libvcruntime:undname.obj
 0001:0000de94       ?getLexicalFrame@UnDecorator@@CA?AVDName@@XZ 000000014000ee94 f i libvcruntime:undname.obj
 0001:0000df10       ?getMemoryWithBuffer@_HeapManager@@QEAAPEAX_K@Z 000000014000ef10 f   libvcruntime:undname.obj
 0001:0000dfc4       ?getMemoryWithoutBuffer@_HeapManager@@QEAAPEAX_K@Z 000000014000efc4 f   libvcruntime:undname.obj
 0001:0000dfdc       ?getNoexcept@UnDecorator@@CA?AVDName@@XZ 000000014000efdc f   libvcruntime:undname.obj
 0001:0000e058       ?getNumberOfDimensions@UnDecorator@@CAHXZ 000000014000f058 f   libvcruntime:undname.obj
 0001:0000e0e8       ?getOperatorName@UnDecorator@@CA?AVDName@@_NPEA_N@Z 000000014000f0e8 f i libvcruntime:undname.obj
 0001:0000eb40       ?getPointerType@UnDecorator@@CA?AVDName@@AEBV2@0@Z 000000014000fb40 f i libvcruntime:undname.obj
 0001:0000eb64       ?getPointerTypeArray@UnDecorator@@CA?AVDName@@AEBV2@0@Z 000000014000fb64 f i libvcruntime:undname.obj
 0001:0000eb84       ?getPrimaryDataType@UnDecorator@@CA?AVDName@@AEBV2@@Z 000000014000fb84 f   libvcruntime:undname.obj
 0001:0000eee4       ?getPtrRefDataType@UnDecorator@@CA?AVDName@@AEBV2@H@Z 000000014000fee4 f   libvcruntime:undname.obj
 0001:0000f124       ?getPtrRefType@UnDecorator@@CA?AVDName@@AEBV2@0W4IndirectionKind@@@Z 0000000140010124 f   libvcruntime:undname.obj
 0001:0000f370       ?getReferenceType@UnDecorator@@CA?AVDName@@AEBV2@0W4IndirectionKind@@@Z 0000000140010370 f i libvcruntime:undname.obj
 0001:0000f38c       ?getRestrictionSpec@UnDecorator@@CA?AVDName@@XZ 000000014001038c f   libvcruntime:undname.obj
 0001:0000f5cc       ?getReturnType@UnDecorator@@CA?AVDName@@PEAV2@@Z 00000001400105cc f   libvcruntime:undname.obj
 0001:0000f610       ?getScope@UnDecorator@@CA?AVDName@@XZ 0000000140010610 f   libvcruntime:undname.obj
 0001:0000fbf0       ?getScopedName@UnDecorator@@CA?AVDName@@XZ 0000000140010bf0 f   libvcruntime:undname.obj
 0001:0000fd78       ?getSignedDimension@UnDecorator@@CA?AVDName@@XZ 0000000140010d78 f   libvcruntime:undname.obj
 0001:0000fe20       ?getStorageConvention@UnDecorator@@CA?AVDName@@XZ 0000000140010e20 f i libvcruntime:undname.obj
 0001:0000fe68       ?getString@DName@@QEBAPEADPEAD0@Z 0000000140010e68 f i libvcruntime:undname.obj
 0001:0000fe88       ?getString@DName@@QEBAPEADPEADH@Z 0000000140010e88 f i libvcruntime:undname.obj
 0001:0000ff40       ?getString@DNameStatusNode@@UEBAPEADPEAD0@Z 0000000140010f40 f i libvcruntime:undname.obj
 0001:0000ff98       ?getString@charNode@@UEBAPEADPEAD0@Z 0000000140010f98 f i libvcruntime:undname.obj
 0001:0000ffb0       ?getString@pDNameNode@@UEBAPEADPEAD0@Z 0000000140010fb0 f i libvcruntime:undname.obj
 0001:0000ffe8       ?getString@pairNode@@UEBAPEADPEAD0@Z 0000000140010fe8 f i libvcruntime:undname.obj
 0001:00010048       ?getString@pcharNode@@UEBAPEADPEAD0@Z 0000000140011048 f i libvcruntime:undname.obj
 0001:0001008c       ?getStringEncoding@UnDecorator@@CA?AVDName@@W4PrefixKind@@H@Z 000000014001108c f   libvcruntime:undname.obj
 0001:000101a8       ?getStringHelper@@YAPEADPEADPEBD1H@Z 00000001400111a8 f i libvcruntime:undname.obj
 0001:000101e0       ?getStringObject@UnDecorator@@CA?AVDName@@XZ 00000001400111e0 f   libvcruntime:undname.obj
 0001:00010264       ?getSymbolName@UnDecorator@@CA?AVDName@@XZ 0000000140011264 f i libvcruntime:undname.obj
 0001:000102c4       ?getTemplateArgumentList@UnDecorator@@CA?AVDName@@XZ 00000001400112c4 f   libvcruntime:undname.obj
 0001:000105d4       ?getTemplateName@UnDecorator@@CA?AVDName@@_N@Z 00000001400115d4 f   libvcruntime:undname.obj
 0001:0001090c       ?getTemplateNonTypeArgument@UnDecorator@@CA?AVDName@@XZ 000000014001190c f   libvcruntime:undname.obj
 0001:00010ea4       ?getTemplateTypeArgument@UnDecorator@@CA?AVDName@@XZ 0000000140011ea4 f   libvcruntime:undname.obj
 0001:00011064       ?getThisType@UnDecorator@@CA?AVDName@@XZ 0000000140012064 f i libvcruntime:undname.obj
 0001:000110b4       ?getThrowTypes@UnDecorator@@CA?AVDName@@XZ 00000001400120b4 f   libvcruntime:undname.obj
 0001:000110e0       ?getTypeEncoding@UnDecorator@@CAHXZ 00000001400120e0 f i libvcruntime:undname.obj
 0001:00011534       ?getUndecoratedName@UnDecorator@@QEAAPEADPEADH@Z 0000000140012534 f i libvcruntime:undname.obj
 0001:000116dc       ?getVCallThunkType@UnDecorator@@CA?AVDName@@XZ 00000001400126dc f i libvcruntime:undname.obj
 0001:00011770       ?getValue@UnDecorator@@CA?AV?$optional@_K@std@@XZ 0000000140012770 f   libvcruntime:undname.obj
 0001:00011800       ?getValueObject@UnDecorator@@CA?AVDName@@XZ 0000000140012800 f   libvcruntime:undname.obj
 0001:000119a4       ?getVbTableType@UnDecorator@@CA?AVDName@@AEBV2@@Z 00000001400129a4 f i libvcruntime:undname.obj
 0001:000119c0       ?getVdispMapType@UnDecorator@@CA?AVDName@@AEBV2@@Z 00000001400129c0 f i libvcruntime:undname.obj
 0001:00011a5c       ?getVfTableType@UnDecorator@@CA?AVDName@@AEBV2@@Z 0000000140012a5c f i libvcruntime:undname.obj
 0001:00011ce4       ?getZName@UnDecorator@@CA?AVDName@@_N0@Z 0000000140012ce4 f   libvcruntime:undname.obj
 0001:00012084       ?haveTemplateParameters@UnDecorator@@SAHXZ 0000000140013084 f i libvcruntime:undname.obj
 0001:00012094       ?isArray@DName@@QEBAHXZ    0000000140013094 f i libvcruntime:undname.obj
 0001:000120a0       ?isComArray@DName@@QEBAHXZ 00000001400130a0 f i libvcruntime:undname.obj
 0001:000120ac       ?isEmpty@DName@@QEBAHXZ    00000001400130ac f i libvcruntime:undname.obj
 0001:000120b8       ?isFull@Replicator@@QEBAHXZ 00000001400130b8 f i libvcruntime:undname.obj
 0001:000120c4       ?isNoTE@DName@@QEBAHXZ     00000001400130c4 f i libvcruntime:undname.obj
 0001:000120d0       ?isPinPtr@DName@@QEBAHXZ   00000001400130d0 f i libvcruntime:undname.obj
 0001:000120dc       ?isPtrRef@DName@@QEBAHXZ   00000001400130dc f i libvcruntime:undname.obj
 0001:000120e8       ?isUDC@DName@@QEBAHXZ      00000001400130e8 f i libvcruntime:undname.obj
 0001:00012104       ?isUDTThunk@DName@@QEBAHXZ 0000000140013104 f i libvcruntime:undname.obj
 0001:00012120       ?isVCallThunk@DName@@QEBAHXZ 0000000140013120 f i libvcruntime:undname.obj
 0001:0001212c       ?isValid@DName@@QEBAHXZ    000000014001312c f i libvcruntime:undname.obj
 0001:00012138       ?length@DName@@QEBAHXZ     0000000140013138 f i libvcruntime:undname.obj
 0001:00012158       ?length@DNameStatusNode@@UEBAHXZ 0000000140013158 f i libvcruntime:undname.obj
 0001:0001215c       ?length@charNode@@UEBAHXZ  000000014001315c f i libvcruntime:undname.obj
 0001:00012164       ?length@pDNameNode@@UEBAHXZ 0000000140013164 f i libvcruntime:undname.obj
 0001:00012198       ?length@pairNode@@UEBAHXZ  0000000140013198 f i libvcruntime:undname.obj
 0001:000121f0       ?length@pcharNode@@UEBAHXZ 00000001400131f0 f i libvcruntime:undname.obj
 0001:000121f4       ?make@DNameStatusNode@@SAPEBV1@W4DNameStatus@@@Z 00000001400131f4 f i libvcruntime:undname.obj
 0001:0001221c       ?parseDecoratedName@UnDecorator@@CA?AVDName@@XZ 000000014001321c f   libvcruntime:undname.obj
 0001:00012374       ?raw_length@DNameStatusNode@@UEBAHXZ 0000000140013374 f i libvcruntime:undname.obj
 0001:00012378       ?raw_length@charNode@@UEBAHXZ 0000000140013378 f i libvcruntime:undname.obj
 0001:00012380       ?raw_length@pDNameNode@@UEBAHXZ 0000000140013380 f i libvcruntime:undname.obj
 0001:00012384       ?raw_length@pairNode@@UEBAHXZ 0000000140013384 f i libvcruntime:undname.obj
 0001:00012388       ?raw_length@pcharNode@@UEBAHXZ 0000000140013388 f i libvcruntime:undname.obj
 0001:0001238c       ?setIsArray@DName@@QEAAXXZ 000000014001338c f i libvcruntime:undname.obj
 0001:00012394       ?setIsComArray@DName@@QEAAXXZ 0000000140013394 f i libvcruntime:undname.obj
 0001:0001239c       ?setIsNoTE@DName@@QEAAXXZ  000000014001339c f i libvcruntime:undname.obj
 0001:000123a4       ?setIsPinPtr@DName@@QEAAXXZ 00000001400133a4 f i libvcruntime:undname.obj
 0001:000123ac       ?setIsUDC@DName@@QEAAXXZ   00000001400133ac f i libvcruntime:undname.obj
 0001:000123bc       ?setIsVCallThunk@DName@@QEAAXXZ 00000001400133bc f i libvcruntime:undname.obj
 0001:000123c4       ?setPtrRef@DName@@QEAAAEAV1@XZ 00000001400133c4 f i libvcruntime:undname.obj
 0001:000123d0       ?status@DName@@QEBA?AW4DNameStatus@@XZ 00000001400133d0 f i libvcruntime:undname.obj
 0001:00012448       __unDName                  0000000140013448 f   libvcruntime:undname.obj
 0001:00012478       __unDNameEx                0000000140013478 f   libvcruntime:undname.obj
 0001:000125f8       _vsprintf_s_l              00000001400135f8 f i libvcruntime:undname.obj
 0001:00012674       sprintf_s                  0000000140013674 f i libvcruntime:undname.obj
 0001:000126dc       unDNameGenerateCHPE        00000001400136dc f   libvcruntime:undname.obj
 0001:00012824       ??$__crt_interlocked_exchange_pointer@UHINSTANCE__@@PEAU1@@@YAPEAUHINSTANCE__@@PEDSEAU0@QEAU0@@Z 0000000140013824 f i libvcruntime:winapi_downlevel.obj
 0001:0001282c       ??$__crt_interlocked_exchange_pointer@UHINSTANCE__@@PEAX@@YAPEAUHINSTANCE__@@PEDSEAU0@QEAX@Z 000000014001382c f i libvcruntime:winapi_downlevel.obj
 0001:00012834       ??$__crt_interlocked_exchange_pointer@XPEAX@@YAPEAXPEDSEAXQEAX@Z 0000000140013834 f i libvcruntime:winapi_downlevel.obj
 0001:0001283c       ??$__crt_interlocked_read_pointer@UHINSTANCE__@@@@YAPEAUHINSTANCE__@@PEDSEAU0@@Z 000000014001383c f i libvcruntime:winapi_downlevel.obj
 0001:00012840       ??$__crt_interlocked_read_pointer@X@@YAPEAXPEDSEAX@Z 0000000140013840 f i libvcruntime:winapi_downlevel.obj
 0001:00012ec0       __vcrt_FlsAlloc            0000000140013ec0 f   libvcruntime:winapi_downlevel.obj
 0001:00012f18       __vcrt_FlsFree             0000000140013f18 f   libvcruntime:winapi_downlevel.obj
 0001:00012f70       __vcrt_FlsGetValue         0000000140013f70 f   libvcruntime:winapi_downlevel.obj
 0001:00012fc8       __vcrt_FlsSetValue         0000000140013fc8 f   libvcruntime:winapi_downlevel.obj
 0001:00013030       __vcrt_InitializeCriticalSectionEx 0000000140014030 f   libvcruntime:winapi_downlevel.obj
 0001:000130ac       ??$__crt_interlocked_exchange_pointer@$$A6AXXZP6AXXZ@@YAP6AXXZPEDS6AXXZQ6AXXZ@Z 00000001400140ac f i libvcruntime:purevirt.obj
 0001:000130b4       ??$__crt_interlocked_read_pointer@$$A6AXXZ@@YAP6AXXZPEDS6AXXZ@Z 00000001400140b4 f i libvcruntime:purevirt.obj
 0001:000130b8       _get_purecall_handler      00000001400140b8 f   libvcruntime:purevirt.obj
 0001:000130c4       _purecall                  00000001400140c4 f   libvcruntime:purevirt.obj
 0001:000130e4       _set_purecall_handler      00000001400140e4 f   libvcruntime:purevirt.obj
 0001:000130f4       ??$?0AEAViterator@TryBlockMap4@FH4@@AEAV012@$0A@@?$pair@Viterator@TryBlockMap4@FH4@@V123@@std@@QEAA@AEAViterator@TryBlockMap4@FH4@@0@Z 00000001400140f4 f i libvcruntime:risctrnsctrl.obj
 0001:00013110       ??$?0AEAViterator@TryBlockMap@__FrameHandler3@@AEAV012@$0A@@?$pair@Viterator@TryBlockMap@__FrameHandler3@@V123@@std@@QEAA@AEAViterator@TryBlockMap@__FrameHandler3@@0@Z 0000000140014110 f i libvcruntime:risctrnsctrl.obj
 0001:000132b8       ??$_CallSETranslator@V__FrameHandler3@@@@YAHPEAUEHExceptionRecord@@PEA_KPEAU_CONTEXT@@PEAU_xDISPATCHER_CONTEXT@@PEBU_s_FuncInfo@@K1H@Z 00000001400142b8 f i libvcruntime:risctrnsctrl.obj
 0001:00013320       ??$_CallSETranslator@V__FrameHandler4@@@@YAHPEAUEHExceptionRecord@@PEA_KPEAU_CONTEXT@@PEAU_xDISPATCHER_CONTEXT@@PEAUFuncInfo4@FH4@@K1H@Z 0000000140014320 f i libvcruntime:risctrnsctrl.obj
 0001:00013388       ??$forward@AEAViterator@TryBlockMap4@FH4@@@std@@YAAEAViterator@TryBlockMap4@FH4@@AEAV123@@Z 0000000140014388 f i libvcruntime:risctrnsctrl.obj
 0001:0001338c       ??$forward@AEAViterator@TryBlockMap@__FrameHandler3@@@std@@YAAEAViterator@TryBlockMap@__FrameHandler3@@AEAV123@@Z 000000014001438c f i libvcruntime:risctrnsctrl.obj
 0001:00013390       ??0FuncInfo4@FH4@@QEAA@XZ  0000000140014390 f i libvcruntime:risctrnsctrl.obj
 0001:000133a8       ??0FuncInfoHeader@FH4@@QEAA@XZ 00000001400143a8 f i libvcruntime:risctrnsctrl.obj
 0001:000133b0       ??0iterator@TryBlockMap4@FH4@@QEAA@AEAV12@I@Z 00000001400143b0 f i libvcruntime:risctrnsctrl.obj
 0001:000133c0       ??0iterator@TryBlockMap@__FrameHandler3@@QEAA@AEAV12@I@Z 00000001400143c0 f i libvcruntime:risctrnsctrl.obj
 0001:000133d0       ??4iterator@TryBlockMap4@FH4@@QEAAAEAV012@AEBV012@@Z 00000001400143d0 f i libvcruntime:risctrnsctrl.obj
 0001:000133dc       ??9iterator@TryBlockMap4@FH4@@QEBA_NAEBV012@@Z 00000001400143dc f i libvcruntime:risctrnsctrl.obj
 0001:000133e8       ??Diterator@TryBlockMap4@FH4@@QEAA?AUTryBlockMapEntry4@2@XZ 00000001400143e8 f i libvcruntime:risctrnsctrl.obj
 0001:000133fc       ??Eiterator@TryBlockMap4@FH4@@QEAAAEAV012@XZ 00000001400143fc f i libvcruntime:risctrnsctrl.obj
 0001:000134c0       ?CatchTryBlock@__FrameHandler3@@SAPEBU_s_TryBlockMapEntry@@PEBU_s_FuncInfo@@H@Z 00000001400144c0 f   libvcruntime:risctrnsctrl.obj
 0001:00013528       ?DecompFuncInfo@FH4@@YA_JPEAEAEAUFuncInfo4@1@_KH@Z 0000000140014528 f i libvcruntime:risctrnsctrl.obj
 0001:00013540       ?DecompFuncInfo@FH4@@YA_JPEAEAEAUFuncInfo4@1@_KH_N@Z 0000000140014540 f i libvcruntime:risctrnsctrl.obj
 0001:000136ac       ?DecompTryBlock@TryBlockMap4@FH4@@AEAAXXZ 00000001400146ac f i libvcruntime:risctrnsctrl.obj
 0001:00013764       ?ExecutionInCatch@__FrameHandler3@@SA_NPEAU_xDISPATCHER_CONTEXT@@PEBU_s_FuncInfo@@@Z 0000000140014764 f   libvcruntime:risctrnsctrl.obj
 0001:00013798       ?ExecutionInCatch@__FrameHandler4@@SA_NPEAU_xDISPATCHER_CONTEXT@@PEAUFuncInfo4@FH4@@@Z 0000000140014798 f   libvcruntime:risctrnsctrl.obj
 0001:000137a0       ?FrameUnwindToEmptyState@__FrameHandler3@@SAXPEA_KPEAU_xDISPATCHER_CONTEXT@@PEBU_s_FuncInfo@@@Z 00000001400147a0 f   libvcruntime:risctrnsctrl.obj
 0001:00013820       ?FrameUnwindToEmptyState@__FrameHandler4@@SAXPEA_KPEAU_xDISPATCHER_CONTEXT@@PEAUFuncInfo4@FH4@@@Z 0000000140014820 f   libvcruntime:risctrnsctrl.obj
 0001:00013860       ?GetEstablisherFrame@__FrameHandler3@@SAPEA_KPEA_KPEAU_xDISPATCHER_CONTEXT@@PEBU_s_FuncInfo@@0@Z 0000000140014860 f   libvcruntime:risctrnsctrl.obj
 0001:0001395c       ?GetEstablisherFrame@__FrameHandler4@@SAPEA_KPEA_KPEAU_xDISPATCHER_CONTEXT@@PEAUFuncInfo4@FH4@@0@Z 000000014001495c f   libvcruntime:risctrnsctrl.obj
 0001:00013988       ?GetRangeOfTrysToCheck@__FrameHandler3@@SA?AU?$pair@Viterator@TryBlockMap@__FrameHandler3@@V123@@std@@AEAVTryBlockMap@1@HPEAU_xDISPATCHER_CONTEXT@@PEBU_s_FuncInfo@@H@Z 0000000140014988 f   libvcruntime:risctrnsctrl.obj
 0001:00013b18       ?GetRangeOfTrysToCheck@__FrameHandler4@@SA?AU?$pair@Viterator@TryBlockMap4@FH4@@V123@@std@@AEAVTryBlockMap4@FH4@@HPEAU_xDISPATCHER_CONTEXT@@PEAUFuncInfo4@5@H@Z 0000000140014b18 f   libvcruntime:risctrnsctrl.obj
 0001:00013cd8       ?ReadInt@FH4@@YAHPEAPEAE@Z 0000000140014cd8 f i libvcruntime:risctrnsctrl.obj
 0001:00013ce8       ?ReadUnsigned@FH4@@YAIPEAPEAE@Z 0000000140014ce8 f i libvcruntime:risctrnsctrl.obj
 0001:00013d24       ?UnwindNestedFrames@__FrameHandler3@@SAXPEA_KPEAUEHExceptionRecord@@PEAU_CONTEXT@@0PEAXPEBU_s_FuncInfo@@HHPEBU_s_HandlerType@@PEAU_xDISPATCHER_CONTEXT@@E@Z 0000000140014d24 f   libvcruntime:risctrnsctrl.obj
 0001:00013e68       ?UnwindNestedFrames@__FrameHandler4@@SAXPEA_KPEAUEHExceptionRecord@@PEAU_CONTEXT@@0PEAXPEAUFuncInfo4@FH4@@HHPEAUHandlerType4@5@PEAU_xDISPATCHER_CONTEXT@@E@Z 0000000140014e68 f   libvcruntime:risctrnsctrl.obj
 0001:00013fd0       ?begin@TryBlockMap4@FH4@@QEAA?AViterator@12@XZ 0000000140014fd0 f i libvcruntime:risctrnsctrl.obj
 0001:00013fe0       ?end@TryBlockMap4@FH4@@QEAA?AViterator@12@XZ 0000000140014fe0 f i libvcruntime:risctrnsctrl.obj
 0001:00013ff0       ?imageRelToByteBuffer@FH4@@YAPEAE_KH@Z 0000000140014ff0 f i libvcruntime:risctrnsctrl.obj
 0001:00013ff8       ?incrementToSentinel@iterator@TryBlockMap4@FH4@@QEAAXXZ 0000000140014ff8 f i libvcruntime:risctrnsctrl.obj
 0001:00013ffc       ?setBuffer@TryBlockMap4@FH4@@QEAAXViterator@12@@Z 0000000140014ffc f i libvcruntime:risctrnsctrl.obj
 0001:0001422c       _CreateFrameInfo           000000014001522c f   libvcruntime:risctrnsctrl.obj
 0001:00014274       _FindAndUnlinkFrame        0000000140015274 f   libvcruntime:risctrnsctrl.obj
 0001:000142dc       _GetImageBase              00000001400152dc f   libvcruntime:risctrnsctrl.obj
 0001:000142f4       _GetThrowImageBase         00000001400152f4 f   libvcruntime:risctrnsctrl.obj
 0001:0001430c       _SetImageBase              000000014001530c f   libvcruntime:risctrnsctrl.obj
 0001:0001432c       _SetThrowImageBase         000000014001532c f   libvcruntime:risctrnsctrl.obj
 0001:0001434c       __CxxFrameHandler          000000014001534c f   libvcruntime:risctrnsctrl.obj
 0001:00014354       __CxxFrameHandler2         0000000140015354 f   libvcruntime:risctrnsctrl.obj
 0001:0001435c       __CxxFrameHandler3         000000014001535c f   libvcruntime:risctrnsctrl.obj
 0001:00014404       __CxxFrameHandler4         0000000140015404 f   libvcruntime:risctrnsctrl.obj
 0001:00014510       memcpy_repmovs             0000000140015510 f   libvcruntime:memcpy.obj
 0001:00014530       memcpy                     0000000140015530 f   libvcruntime:memcpy.obj
 0001:00014530       memmove                    0000000140015530 f   libvcruntime:memcpy.obj
 0001:00014a08       ?GetCurrentState@__FrameHandler3@@SAHPEA_KPEAU_xDISPATCHER_CONTEXT@@PEBU_s_FuncInfo@@@Z 0000000140015a08 f   libvcruntime:ehstate.obj
 0001:00014a38       ?GetUnwindTryBlock@__FrameHandler3@@SAHPEA_KPEAU_xDISPATCHER_CONTEXT@@PEBU_s_FuncInfo@@@Z 0000000140015a38 f   libvcruntime:ehstate.obj
 0001:00014a6c       ?SetState@__FrameHandler3@@SAXPEA_KPEBU_s_FuncInfo@@H@Z 0000000140015a6c f   libvcruntime:ehstate.obj
 0001:00014a7c       ?SetUnwindTryBlock@__FrameHandler3@@SAXPEA_KPEAU_xDISPATCHER_CONTEXT@@PEBU_s_FuncInfo@@H@Z 0000000140015a7c f   libvcruntime:ehstate.obj
 0001:00014ac8       ?StateFromControlPc@__FrameHandler3@@SAHPEBU_s_FuncInfo@@PEAU_xDISPATCHER_CONTEXT@@@Z 0000000140015ac8 f   libvcruntime:ehstate.obj
 0001:00014ad4       ?StateFromControlPc@__FrameHandler4@@SAHPEAUFuncInfo4@FH4@@PEAU_xDISPATCHER_CONTEXT@@@Z 0000000140015ad4 f   libvcruntime:ehstate.obj
 0001:00014ae0       ?StateFromIp@__FrameHandler3@@SAHPEBU_s_FuncInfo@@PEAU_xDISPATCHER_CONTEXT@@_K@Z 0000000140015ae0 f   libvcruntime:ehstate.obj
 0001:00014b60       ?StateFromIp@__FrameHandler4@@SAHPEAUFuncInfo4@FH4@@PEAU_xDISPATCHER_CONTEXT@@_K@Z 0000000140015b60 f   libvcruntime:ehstate.obj
 0001:00014c80       ?__FuncRelToRealOffset@@YA_KPEAU_xDISPATCHER_CONTEXT@@I@Z 0000000140015c80 f i libvcruntime:ehstate.obj
 0001:00014c94       ?__RVAtoRealOffset@@YA_KPEAU_xDISPATCHER_CONTEXT@@H@Z 0000000140015c94 f i libvcruntime:ehstate.obj
 0001:00016864       ??$TypeMatchHelper@V__FrameHandler3@@@@YAHPEBU_s_HandlerType@@PEBU_s_CatchableType@@PEBU_s_ThrowInfo@@@Z 0000000140017864 f i libvcruntime:frame.obj
 0001:000169f0       ??$TypeMatchHelper@V__FrameHandler4@@@@YAHPEAUHandlerType4@FH4@@PEBU_s_CatchableType@@PEBU_s_ThrowInfo@@@Z 00000001400179f0 f i libvcruntime:frame.obj
 0001:00016b84       ??$__InternalCxxFrameHandler@V__FrameHandler3@@@@YA?AW4_EXCEPTION_DISPOSITION@@PEAUEHExceptionRecord@@PEA_KPEAU_CONTEXT@@PEAU_xDISPATCHER_CONTEXT@@PEBU_s_FuncInfo@@H1E@Z 0000000140017b84 f i libvcruntime:frame.obj
 0001:00016e48       ??$__InternalCxxFrameHandler@V__FrameHandler4@@@@YA?AW4_EXCEPTION_DISPOSITION@@PEAUEHExceptionRecord@@PEA_KPEAU_CONTEXT@@PEAU_xDISPATCHER_CONTEXT@@PEAUFuncInfo4@FH4@@H1E@Z 0000000140017e48 f i libvcruntime:frame.obj
 0001:00017184       ??0HandlerMap4@FH4@@QEAA@PEBUTryBlockMapEntry4@1@_KH@Z 0000000140018184 f i libvcruntime:frame.obj
 0001:0001721c       ??0HandlerMap@__FrameHandler3@@QEAA@PEBU_s_TryBlockMapEntry@@_KI@Z 000000014001821c f i libvcruntime:frame.obj
 0001:00017238       ??0HandlerType4@FH4@@QEAA@XZ 0000000140018238 f i libvcruntime:frame.obj
 0001:00017254       ??0TryBlockMap4@FH4@@QEAA@PEBUFuncInfo4@1@_K@Z 0000000140018254 f i libvcruntime:frame.obj
 0001:00017360       ??0TryBlockMap@__FrameHandler3@@QEAA@PEBU_s_FuncInfo@@_K@Z 0000000140018360 f i libvcruntime:frame.obj
 0001:00017370       ??0UWMap4@FH4@@QEAA@PEBUFuncInfo4@1@_K@Z 0000000140018370 f i libvcruntime:frame.obj
 0001:000173c4       ??0bad_exception@std@@QEAA@AEBV01@@Z 00000001400183c4 f i libvcruntime:frame.obj
 0001:00017410       ??0bad_exception@std@@QEAA@XZ 0000000140018410 f i libvcruntime:frame.obj
 0001:00017438       ??0exception@std@@QEAA@AEBV01@@Z 0000000140018438 f i libvcruntime:frame.obj
 0001:00017478       ??0exception@std@@QEAA@QEBDH@Z 0000000140018478 f i libvcruntime:frame.obj
 0001:00017494       ??0iterator@HandlerMap4@FH4@@QEAA@AEAV12@I@Z 0000000140018494 f i libvcruntime:frame.obj
 0001:000174a4       ??0iterator@HandlerMap@__FrameHandler3@@QEAA@AEAV12@I@Z 00000001400184a4 f i libvcruntime:frame.obj
 0001:000174b4       ??0iterator@UWMap4@FH4@@QEAA@AEAV12@PEAE@Z 00000001400184b4 f i libvcruntime:frame.obj
 0001:000174c4       ??1bad_exception@std@@UEAA@XZ 00000001400184c4 f i libvcruntime:frame.obj
 0001:000174dc       ??1exception@std@@UEAA@XZ  00000001400184dc f i libvcruntime:frame.obj
 0001:000174f4       ??4iterator@UWMap4@FH4@@QEAAAEAV012@AEBV012@@Z 00000001400184f4 f i libvcruntime:frame.obj
 0001:0001751c       ??8iterator@HandlerMap4@FH4@@QEBA_NAEBV012@@Z 000000014001851c f i libvcruntime:frame.obj
 0001:00017528       ??8iterator@HandlerMap@__FrameHandler3@@QEBA_NAEBV012@@Z 0000000140018528 f i libvcruntime:frame.obj
 0001:00017534       ??8type_info@@QEBA_NAEBV0@@Z 0000000140018534 f i libvcruntime:frame.obj
 0001:00017558       ??9iterator@HandlerMap4@FH4@@QEBA_NAEBV012@@Z 0000000140018558 f i libvcruntime:frame.obj
 0001:00017564       ??9iterator@HandlerMap@__FrameHandler3@@QEBA_NAEBV012@@Z 0000000140018564 f i libvcruntime:frame.obj
 0001:00017570       ??Diterator@HandlerMap4@FH4@@QEAA?AUHandlerType4@2@XZ 0000000140018570 f i libvcruntime:frame.obj
 0001:00017598       ??Diterator@HandlerMap@__FrameHandler3@@QEAA?BU_s_HandlerType@@XZ 0000000140018598 f i libvcruntime:frame.obj
 0001:000175c4       ??Diterator@TryBlockMap@__FrameHandler3@@QEAA?BU_s_TryBlockMapEntry@@XZ 00000001400185c4 f i libvcruntime:frame.obj
 0001:000175fc       ??Diterator@UWMap4@FH4@@QEAA?AUUnwindMapEntry4@2@XZ 00000001400185fc f i libvcruntime:frame.obj
 0001:00017664       ??Eiterator@HandlerMap4@FH4@@QEAAAEAV012@XZ 0000000140018664 f i libvcruntime:frame.obj
 0001:00017688       ??Eiterator@HandlerMap@__FrameHandler3@@QEAAAEAV012@XZ 0000000140018688 f i libvcruntime:frame.obj
 0001:00017690       ??Eiterator@TryBlockMap@__FrameHandler3@@QEAAAEAV012@XZ 0000000140018690 f i libvcruntime:frame.obj
 0001:00017698       ??Eiterator@UWMap4@FH4@@QEAAAEAV012@XZ 0000000140018698 f i libvcruntime:frame.obj
 0001:000176c0       ??Giterator@UWMap4@FH4@@QEBA_JAEBV012@@Z 00000001400186c0 f i libvcruntime:frame.obj
 0001:000176cc       ??Miterator@TryBlockMap4@FH4@@QEBA_NAEBV012@@Z 00000001400186cc f i libvcruntime:frame.obj
 0001:000176d8       ??Miterator@TryBlockMap@__FrameHandler3@@QEBA_NAEBV012@@Z 00000001400186d8 f i libvcruntime:frame.obj
 0001:000176e4       ??Oiterator@UWMap4@FH4@@QEBA_NAEBV012@@Z 00000001400186e4 f i libvcruntime:frame.obj
 0001:000176f4       ??Piterator@UWMap4@FH4@@QEBA_NAEBV012@@Z 00000001400186f4 f i libvcruntime:frame.obj
 0001:00017704       ??_Ebad_exception@std@@UEAAPEAXI@Z 0000000140018704 f i libvcruntime:frame.obj
 0001:00017704       ??_Gbad_exception@std@@UEAAPEAXI@Z 0000000140018704 f i libvcruntime:frame.obj
 0001:00017758       ??_Eexception@std@@UEAAPEAXI@Z 0000000140018758 f i libvcruntime:frame.obj
 0001:00017758       ??_Gexception@std@@UEAAPEAXI@Z 0000000140018758 f i libvcruntime:frame.obj
 0001:000177ac       ?BuildCatchObject@__FrameHandler3@@SAXPEAUEHExceptionRecord@@PEAXPEBU_s_HandlerType@@PEBU_s_CatchableType@@@Z 00000001400187ac f   libvcruntime:frame.obj
 0001:000177b4       ?BuildCatchObject@__FrameHandler4@@SAXPEAUEHExceptionRecord@@PEAXPEAUHandlerType4@FH4@@PEBU_s_CatchableType@@@Z 00000001400187b4 f   libvcruntime:frame.obj
 0001:000177bc       ?BuildCatchObjectHelper@__FrameHandler3@@SAHPEAUEHExceptionRecord@@PEAXPEBU_s_HandlerType@@PEBU_s_CatchableType@@@Z 00000001400187bc f   libvcruntime:frame.obj
 0001:000177c4       ?BuildCatchObjectHelper@__FrameHandler4@@SAHPEAUEHExceptionRecord@@PEAXPEAUHandlerType4@FH4@@PEBU_s_CatchableType@@@Z 00000001400187c4 f   libvcruntime:frame.obj
 0001:000177cc       ?CxxCallCatchBlock@__FrameHandler3@@SAPEAXPEAU_EXCEPTION_RECORD@@@Z 00000001400187cc f   libvcruntime:frame.obj
 0001:00017a30       ?CxxCallCatchBlock@__FrameHandler4@@SAPEAXPEAU_EXCEPTION_RECORD@@@Z 0000000140018a30 f   libvcruntime:frame.obj
 0001:00017d14       ?DecompHandler@HandlerMap4@FH4@@AEAAXXZ 0000000140018d14 f i libvcruntime:frame.obj
 0001:00017fe4       ?FrameUnwindToState@__FrameHandler3@@SAXPEA_KPEAU_xDISPATCHER_CONTEXT@@PEBU_s_FuncInfo@@H@Z 0000000140018fe4 f   libvcruntime:frame.obj
 0001:000181d0       ?FrameUnwindToState@__FrameHandler4@@SAXPEA_KPEAU_xDISPATCHER_CONTEXT@@PEAUFuncInfo4@FH4@@H@Z 00000001400191d0 f   libvcruntime:frame.obj
 0001:00018570       ?GetHandlerSearchState@__FrameHandler3@@SAHPEA_KPEAU_xDISPATCHER_CONTEXT@@PEBU_s_FuncInfo@@@Z 0000000140019570 f i libvcruntime:frame.obj
 0001:0001862c       ?GetHandlerSearchState@__FrameHandler4@@SAHPEA_KPEAU_xDISPATCHER_CONTEXT@@PEAUFuncInfo4@FH4@@@Z 000000014001962c f i libvcruntime:frame.obj
 0001:000186a8       ?GetMaxState@__FrameHandler3@@SAHPEAU_xDISPATCHER_CONTEXT@@PEBU_s_FuncInfo@@@Z 00000001400196a8 f i libvcruntime:frame.obj
 0001:000186ac       ?GetMaxState@__FrameHandler4@@SAHPEAU_xDISPATCHER_CONTEXT@@PEAUFuncInfo4@FH4@@@Z 00000001400196ac f i libvcruntime:frame.obj
 0001:000188c8       ?ReadEntry@UWMap4@FH4@@AEAAXPEAPEAE@Z 00000001400198c8 f i libvcruntime:frame.obj
 0001:00018990       ?TypeMatch@__FrameHandler3@@SAHPEBU_s_HandlerType@@PEBU_s_CatchableType@@PEBU_s_ThrowInfo@@@Z 0000000140019990 f   libvcruntime:frame.obj
 0001:00018998       ?TypeMatch@__FrameHandler4@@SAHPEAUHandlerType4@FH4@@PEBU_s_CatchableType@@PEBU_s_ThrowInfo@@@Z 0000000140019998 f   libvcruntime:frame.obj
 0001:000189a0       ?WalkBack@UWMap4@FH4@@AEAAXPEAPEAE@Z 00000001400199a0 f i libvcruntime:frame.obj
 0001:000189e4       ?WalkBack@iterator@UWMap4@FH4@@QEAAXXZ 00000001400199e4 f i libvcruntime:frame.obj
 0001:00018a30       ?WalkForward@UWMap4@FH4@@AEAAXPEAPEAE@Z 0000000140019a30 f i libvcruntime:frame.obj
 0001:00018a38       ?_CallMemberFunction1@@YAXQEAX00@Z 0000000140019a38 f i libvcruntime:frame.obj
 0001:00018a44       ?_CallMemberFunction2@@YAXQEAX00H@Z 0000000140019a44 f i libvcruntime:frame.obj
 0001:00018a74       ?begin@HandlerMap4@FH4@@QEAA?AViterator@12@XZ 0000000140019a74 f i libvcruntime:frame.obj
 0001:00018a84       ?begin@HandlerMap@__FrameHandler3@@QEAA?AViterator@12@XZ 0000000140019a84 f i libvcruntime:frame.obj
 0001:00018a94       ?begin@UWMap4@FH4@@QEAA?AViterator@12@XZ 0000000140019a94 f i libvcruntime:frame.obj
 0001:00018aa8       ?end@HandlerMap4@FH4@@QEAA?AViterator@12@XZ 0000000140019aa8 f i libvcruntime:frame.obj
 0001:00018ab8       ?end@HandlerMap@__FrameHandler3@@QEAA?AViterator@12@XZ 0000000140019ab8 f i libvcruntime:frame.obj
 0001:00018ac8       ?getESTypes@__FrameHandler3@@SAPEBU_s_ESTypeList@@PEBU_s_FuncInfo@@@Z 0000000140019ac8 f i libvcruntime:frame.obj
 0001:00018afc       ?getESTypes@__FrameHandler4@@SAPEBU_s_ESTypeList@@PEAUFuncInfo4@FH4@@@Z 0000000140019afc f i libvcruntime:frame.obj
 0001:00018b00       ?getLastEntry@HandlerMap4@FH4@@QEAAPEAUHandlerType4@2@XZ 0000000140019b00 f i libvcruntime:frame.obj
 0001:00018b64       ?getLastEntry@HandlerMap@__FrameHandler3@@QEAAPEBU_s_HandlerType@@XZ 0000000140019b64 f i libvcruntime:frame.obj
 0001:00018b7c       ?getMagicNum@__FrameHandler3@@SAIPEBU_s_FuncInfo@@@Z 0000000140019b7c f i libvcruntime:frame.obj
 0001:00018b88       ?getMagicNum@__FrameHandler4@@SAIPEAUFuncInfo4@FH4@@@Z 0000000140019b88 f i libvcruntime:frame.obj
 0001:00018b90       ?getNumTryBlocks@TryBlockMap4@FH4@@QEAAIXZ 0000000140019b90 f i libvcruntime:frame.obj
 0001:00018b94       ?getNumTryBlocks@TryBlockMap@__FrameHandler3@@QEAAIXZ 0000000140019b94 f i libvcruntime:frame.obj
 0001:00018b9c       ?getStartStop@UWMap4@FH4@@QEAAXHHAEAViterator@12@0@Z 0000000140019b9c f i libvcruntime:frame.obj
 0001:00018ca0       ?getStateFromIterators@UWMap4@FH4@@SAHAEBViterator@12@H0H0@Z 0000000140019ca0 f i libvcruntime:frame.obj
 0001:00018d98       ?isEHs@__FrameHandler3@@SA_NPEBU_s_FuncInfo@@@Z 0000000140019d98 f i libvcruntime:frame.obj
 0001:00018da0       ?isEHs@__FrameHandler4@@SA_NPEAUFuncInfo4@FH4@@@Z 0000000140019da0 f i libvcruntime:frame.obj
 0001:00018dac       ?isNoExcept@__FrameHandler3@@SA_NPEBU_s_FuncInfo@@@Z 0000000140019dac f i libvcruntime:frame.obj
 0001:00018db8       ?isNoExcept@__FrameHandler4@@SA_NPEAUFuncInfo4@FH4@@@Z 0000000140019db8 f i libvcruntime:frame.obj
 0001:00018dc4       ?reset@HandlerType4@FH4@@QEAAXXZ 0000000140019dc4 f i libvcruntime:frame.obj
 0001:00018de0       ?resetBuffer@HandlerMap4@FH4@@QEAAXXZ 0000000140019de0 f i libvcruntime:frame.obj
 0001:00018df0       ?setBuffer@HandlerMap4@FH4@@QEAAXI@Z 0000000140019df0 f i libvcruntime:frame.obj
 0001:00018e38       ?what@exception@std@@UEBAPEBDXZ 0000000140019e38 f i libvcruntime:frame.obj
 0001:00018e50       __BuildCatchObject         0000000140019e50 f   libvcruntime:frame.obj
 0001:00018e58       __BuildCatchObjectHelper   0000000140019e58 f   libvcruntime:frame.obj
 0001:00018e60       __TypeMatch                0000000140019e60 f   libvcruntime:frame.obj
 0001:00018e68       __vcrt_EncodePointer       0000000140019e68 f i libvcruntime:frame.obj
 0001:00018e80       _CallSettingFrame          0000000140019e80 f   libvcruntime:handlers.obj
 0001:00018ed0       _CallSettingFrame_LookupContinuationIndex 0000000140019ed0 f   libvcruntime:handlers.obj
 0001:00018f00       _CallSettingFrame_NotifyContinuationAddr 0000000140019f00 f   libvcruntime:handlers.obj
 0001:00018f30       _CallSettingFrameEncoded   0000000140019f30 f   libvcruntime:handlers.obj
 0001:00018fb8       ??$?RD@__crt_public_free_policy@@QEBAXQEBD@Z 0000000140019fb8 f i libvcruntime:std_exception.obj
 0001:00018fc4       ??0?$__crt_unique_heap_ptr@DU__crt_public_free_policy@@@@QEAA@QEAD@Z 0000000140019fc4 f i libvcruntime:std_exception.obj
 0001:00018fcc       ??1?$__crt_unique_heap_ptr@DU__crt_public_free_policy@@@@QEAA@XZ 0000000140019fcc f i libvcruntime:std_exception.obj
 0001:00018ff0       ??B?$__crt_unique_heap_ptr@DU__crt_public_free_policy@@@@QEBA_NXZ 0000000140019ff0 f i libvcruntime:std_exception.obj
 0001:00018ffc       ?detach@?$__crt_unique_heap_ptr@DU__crt_public_free_policy@@@@QEAAPEADXZ 0000000140019ffc f i libvcruntime:std_exception.obj
 0001:00019008       ?get@?$__crt_unique_heap_ptr@DU__crt_public_free_policy@@@@QEBAPEADXZ 000000014001a008 f i libvcruntime:std_exception.obj
 0001:0001900c       ?is_valid@?$__crt_unique_heap_ptr@DU__crt_public_free_policy@@@@QEBA_NXZ 000000014001a00c f i libvcruntime:std_exception.obj
 0001:00019018       ?release@?$__crt_unique_heap_ptr@DU__crt_public_free_policy@@@@QEAAXXZ 000000014001a018 f i libvcruntime:std_exception.obj
 0001:0001903c       __std_exception_copy       000000014001a03c f   libvcruntime:std_exception.obj
 0001:000190ec       __std_exception_destroy    000000014001a0ec f   libvcruntime:std_exception.obj
 0001:0001911c       _CxxThrowException         000000014001a11c f   libvcruntime:throw.obj
 0001:00019208       _seh_filter_dll            000000014001a208 f   libucrt:exception_filter.obj
 0001:00019220       _seh_filter_exe            000000014001a220 f   libucrt:exception_filter.obj
 0001:00019510       __acrt_report_runtime_error 000000014001a510 f   libucrt:report_runtime_error.obj
 0001:000196c4       _invoke_watson_if_error    000000014001a6c4 f i libucrt:report_runtime_error.obj
 0001:00019704       _query_app_type            000000014001a704 f   libucrt:report_runtime_error.obj
 0001:0001970c       _set_app_type              000000014001a70c f   libucrt:report_runtime_error.obj
 0001:00019714       ??$__crt_fast_decode_pointer@P6AHPEAU_exception@@@Z@@YAP6AHPEAU_exception@@@ZQ6AH0@Z@Z 000000014001a714 f i libucrt:matherr.obj
 0001:00019730       ??$__crt_fast_encode_pointer@P6AHPEAU_exception@@@Z@@YAP6AHPEAU_exception@@@ZQ6AH0@Z@Z 000000014001a730 f i libucrt:matherr.obj
 0001:00019758       ?__crt_rotate_pointer_value@@YA_K_KH@Z 000000014001a758 f i libucrt:matherr.obj
 0001:00019764       ?get_current_state_index@__crt_state_management@@YA_KXZ 000000014001a764 f i libucrt:matherr.obj
 0001:00019768       ?initialize@?$dual_state_global@P6AHPEAU_exception@@@Z@__crt_state_management@@QEAAXQ6AHPEAU_exception@@@Z@Z 000000014001a768 f i libucrt:matherr.obj
 0001:00019798       ?value@?$dual_state_global@P6AHPEAU_exception@@@Z@__crt_state_management@@QEAAAEAP6AHPEAU_exception@@@ZXZ 000000014001a798 f i libucrt:matherr.obj
 0001:0001979c       __acrt_has_user_matherr    000000014001a79c f   libucrt:matherr.obj
 0001:000197c0       __acrt_initialize_user_matherr 000000014001a7c0 f   libucrt:matherr.obj
 0001:000197cc       __acrt_invoke_user_matherr 000000014001a7cc f   libucrt:matherr.obj
 0001:00019808       __setusermatherr           000000014001a808 f   libucrt:matherr.obj
 0001:00019838       ??$?RE@__crt_internal_free_policy@@QEBAXQEBE@Z 000000014001a838 f i libucrt:argv_parsing.obj
 0001:00019844       ??$?RPEAD@__crt_internal_free_policy@@QEBAXQEBQEAD@Z 000000014001a844 f i libucrt:argv_parsing.obj
 0001:00019850       ??$?RPEA_W@__crt_internal_free_policy@@QEBAXQEBQEA_W@Z 000000014001a850 f i libucrt:argv_parsing.obj
 0001:00019c00       ??$get_module_file_name@$$TAEAY0BAF@DH@?$__crt_char_traits@D@@SAK$$QEA$$TAEAY0BAF@D$$QEAH@Z 000000014001ac00 f i libucrt:argv_parsing.obj
 0001:00019c10       ??$get_module_file_name@$$TAEAY0BAF@_WH@?$__crt_char_traits@_W@@SAK$$QEA$$TAEAY0BAF@_W$$QEAH@Z 000000014001ac10 f i libucrt:argv_parsing.obj
 0001:0001a060       ??$set_program_name@PEAD@?$__crt_char_traits@D@@SAX$$QEAPEAD@Z 000000014001b060 f i libucrt:argv_parsing.obj
 0001:0001a070       ??$set_program_name@PEA_W@?$__crt_char_traits@_W@@SAX$$QEAPEA_W@Z 000000014001b070 f i libucrt:argv_parsing.obj
 0001:0001a090       ??0?$__crt_unique_heap_ptr@EU__crt_internal_free_policy@@@@QEAA@QEAE@Z 000000014001b090 f i libucrt:argv_parsing.obj
 0001:0001a098       ??0?$__crt_unique_heap_ptr@PEADU__crt_internal_free_policy@@@@QEAA@QEAPEAD@Z 000000014001b098 f i libucrt:argv_parsing.obj
 0001:0001a0a0       ??0?$__crt_unique_heap_ptr@PEA_WU__crt_internal_free_policy@@@@QEAA@QEAPEA_W@Z 000000014001b0a0 f i libucrt:argv_parsing.obj
 0001:0001a0a8       ??1?$__crt_unique_heap_ptr@EU__crt_internal_free_policy@@@@QEAA@XZ 000000014001b0a8 f i libucrt:argv_parsing.obj
 0001:0001a0cc       ??1?$__crt_unique_heap_ptr@PEADU__crt_internal_free_policy@@@@QEAA@XZ 000000014001b0cc f i libucrt:argv_parsing.obj
 0001:0001a0f0       ??1?$__crt_unique_heap_ptr@PEA_WU__crt_internal_free_policy@@@@QEAA@XZ 000000014001b0f0 f i libucrt:argv_parsing.obj
 0001:0001a114       ??B?$__crt_unique_heap_ptr@EU__crt_internal_free_policy@@@@QEBA_NXZ 000000014001b114 f i libucrt:argv_parsing.obj
 0001:0001a168       ?detach@?$__crt_unique_heap_ptr@EU__crt_internal_free_policy@@@@QEAAPEAEXZ 000000014001b168 f i libucrt:argv_parsing.obj
 0001:0001a174       ?detach@?$__crt_unique_heap_ptr@PEADU__crt_internal_free_policy@@@@QEAAPEAPEADXZ 000000014001b174 f i libucrt:argv_parsing.obj
 0001:0001a180       ?detach@?$__crt_unique_heap_ptr@PEA_WU__crt_internal_free_policy@@@@QEAAPEAPEA_WXZ 000000014001b180 f i libucrt:argv_parsing.obj
 0001:0001a1a8       ?get@?$__crt_unique_heap_ptr@EU__crt_internal_free_policy@@@@QEBAPEAEXZ 000000014001b1a8 f i libucrt:argv_parsing.obj
 0001:0001a1ac       ?get@?$__crt_unique_heap_ptr@PEADU__crt_internal_free_policy@@@@QEBAPEAPEADXZ 000000014001b1ac f i libucrt:argv_parsing.obj
 0001:0001a1b0       ?get@?$__crt_unique_heap_ptr@PEA_WU__crt_internal_free_policy@@@@QEBAPEAPEA_WXZ 000000014001b1b0 f i libucrt:argv_parsing.obj
 0001:0001a1b4       ?get_address_of@?$__crt_unique_heap_ptr@PEADU__crt_internal_free_policy@@@@QEAAPEAPEAPEADXZ 000000014001b1b4 f i libucrt:argv_parsing.obj
 0001:0001a1b8       ?get_address_of@?$__crt_unique_heap_ptr@PEA_WU__crt_internal_free_policy@@@@QEAAPEAPEAPEA_WXZ 000000014001b1b8 f i libucrt:argv_parsing.obj
 0001:0001a1ec       ?is_valid@?$__crt_unique_heap_ptr@EU__crt_internal_free_policy@@@@QEBA_NXZ 000000014001b1ec f i libucrt:argv_parsing.obj
 0001:0001a1f8       ?release@?$__crt_unique_heap_ptr@EU__crt_internal_free_policy@@@@QEAAXXZ 000000014001b1f8 f i libucrt:argv_parsing.obj
 0001:0001a21c       ?release@?$__crt_unique_heap_ptr@PEADU__crt_internal_free_policy@@@@QEAAXXZ 000000014001b21c f i libucrt:argv_parsing.obj
 0001:0001a240       ?release@?$__crt_unique_heap_ptr@PEA_WU__crt_internal_free_policy@@@@QEAAXXZ 000000014001b240 f i libucrt:argv_parsing.obj
 0001:0001a284       __acrt_allocate_buffer_for_argv 000000014001b284 f   libucrt:argv_parsing.obj
 0001:0001a2f8       _configure_narrow_argv     000000014001b2f8 f   libucrt:argv_parsing.obj
 0001:0001a4e0       _configure_wide_argv       000000014001b4e0 f   libucrt:argv_parsing.obj
 0001:0001a6c4       _set_pgmptr                000000014001b6c4 f i libucrt:argv_parsing.obj
 0001:0001a6d0       _set_wpgmptr               000000014001b6d0 f i libucrt:argv_parsing.obj
 0001:0001a6dc       ??$?R_W@__crt_internal_free_policy@@QEBAXQEB_W@Z 000000014001b6dc f i libucrt:environment_initialization.obj
 0001:0001ad24       ??$get_environment_from_os@$$V@?$__crt_char_traits@D@@SAPEADXZ 000000014001bd24 f i libucrt:environment_initialization.obj
 0001:0001ad2c       ??$get_environment_from_os@$$V@?$__crt_char_traits@_W@@SAPEA_WXZ 000000014001bd2c f i libucrt:environment_initialization.obj
 0001:0001af1c       ??$set_variable_in_environment_nolock@PEADH@?$__crt_char_traits@D@@SAH$$QEAPEAD$$QEAH@Z 000000014001bf1c f i libucrt:environment_initialization.obj
 0001:0001af28       ??$set_variable_in_environment_nolock@PEA_WH@?$__crt_char_traits@_W@@SAH$$QEAPEA_W$$QEAH@Z 000000014001bf28 f i libucrt:environment_initialization.obj
 0001:0001af34       ??$tcscpy_s@PEADAEB_KAEAPEAD@?$__crt_char_traits@D@@SAH$$QEAPEADAEB_KAEAPEAD@Z 000000014001bf34 f i libucrt:environment_initialization.obj
 0001:0001af48       ??$tcscpy_s@PEA_WAEB_KAEAPEA_W@?$__crt_char_traits@_W@@SAH$$QEAPEA_WAEB_KAEAPEA_W@Z 000000014001bf48 f i libucrt:environment_initialization.obj
 0001:0001af5c       ??$tcslen@AEAPEAD@?$__crt_char_traits@D@@SA_KAEAPEAD@Z 000000014001bf5c f i libucrt:environment_initialization.obj
 0001:0001af74       ??$tcslen@AEAPEA_W@?$__crt_char_traits@_W@@SA_KAEAPEA_W@Z 000000014001bf74 f i libucrt:environment_initialization.obj
 0001:0001af8c       ??$uninitialize@A6AXAEAPEAPEAD@Z@?$dual_state_global@PEAPEAD@__crt_state_management@@QEAAXA6AXAEAPEAPEAD@Z@Z 000000014001bf8c f i libucrt:environment_initialization.obj
 0001:0001afe0       ??$uninitialize@A6AXAEAPEAPEA_W@Z@?$dual_state_global@PEAPEA_W@__crt_state_management@@QEAAXA6AXAEAPEAPEA_W@Z@Z 000000014001bfe0 f i libucrt:environment_initialization.obj
 0001:0001b074       ??0?$__crt_unique_heap_ptr@_WU__crt_internal_free_policy@@@@QEAA@QEA_W@Z 000000014001c074 f i libucrt:environment_initialization.obj
 0001:0001b07c       ??1?$__crt_unique_heap_ptr@_WU__crt_internal_free_policy@@@@QEAA@XZ 000000014001c07c f i libucrt:environment_initialization.obj
 0001:0001b0a0       ??B?$__crt_unique_heap_ptr@PEADU__crt_internal_free_policy@@@@QEBA_NXZ 000000014001c0a0 f i libucrt:environment_initialization.obj
 0001:0001b0ac       ??B?$__crt_unique_heap_ptr@PEA_WU__crt_internal_free_policy@@@@QEBA_NXZ 000000014001c0ac f i libucrt:environment_initialization.obj
 0001:0001b0b8       ??B?$__crt_unique_heap_ptr@_WU__crt_internal_free_policy@@@@QEBA_NXZ 000000014001c0b8 f i libucrt:environment_initialization.obj
 0001:0001b0c4       ?__crt_compute_required_transform_buffer_count@@YA_KIQEBD@Z 000000014001c0c4 f i libucrt:environment_initialization.obj
 0001:0001b0f4       ?__crt_compute_required_transform_buffer_count@@YA_KIQEB_W@Z 000000014001c0f4 f i libucrt:environment_initialization.obj
 0001:0001b130       ?__crt_transform_string@@YA_KIQEBDQEA_W_K@Z 000000014001c130 f i libucrt:environment_initialization.obj
 0001:0001b15c       ?__crt_transform_string@@YA_KIQEB_WQEAD_K@Z 000000014001c15c f i libucrt:environment_initialization.obj
 0001:0001b198       ?detach@?$__crt_unique_heap_ptr@DU__crt_internal_free_policy@@@@QEAAPEADXZ 000000014001c198 f i libucrt:environment_initialization.obj
 0001:0001b1a4       ?detach@?$__crt_unique_heap_ptr@_WU__crt_internal_free_policy@@@@QEAAPEA_WXZ 000000014001c1a4 f i libucrt:environment_initialization.obj
 0001:0001b1b0       ?get@?$__crt_unique_heap_ptr@_WU__crt_internal_free_policy@@@@QEBAPEA_WXZ 000000014001c1b0 f i libucrt:environment_initialization.obj
 0001:0001b1fc       ?initialize@?$dual_state_global@PEAPEAD@__crt_state_management@@QEAAXQEAPEAD@Z 000000014001c1fc f i libucrt:environment_initialization.obj
 0001:0001b22c       ?initialize@?$dual_state_global@PEAPEA_W@__crt_state_management@@QEAAXQEAPEA_W@Z 000000014001c22c f i libucrt:environment_initialization.obj
 0001:0001b25c       ?is_valid@?$__crt_unique_heap_ptr@PEADU__crt_internal_free_policy@@@@QEBA_NXZ 000000014001c25c f i libucrt:environment_initialization.obj
 0001:0001b268       ?is_valid@?$__crt_unique_heap_ptr@PEA_WU__crt_internal_free_policy@@@@QEBA_NXZ 000000014001c268 f i libucrt:environment_initialization.obj
 0001:0001b274       ?is_valid@?$__crt_unique_heap_ptr@_WU__crt_internal_free_policy@@@@QEBA_NXZ 000000014001c274 f i libucrt:environment_initialization.obj
 0001:0001b28c       ?release@?$__crt_unique_heap_ptr@_WU__crt_internal_free_policy@@@@QEAAXXZ 000000014001c28c f i libucrt:environment_initialization.obj
 0001:0001b2b0       ?value@?$dual_state_global@PEAPEAD@__crt_state_management@@QEAAAEAPEAPEADXZ 000000014001c2b0 f i libucrt:environment_initialization.obj
 0001:0001b2b4       ?value@?$dual_state_global@PEAPEA_W@__crt_state_management@@QEAAAEAPEAPEA_WXZ 000000014001c2b4 f i libucrt:environment_initialization.obj
 0001:0001b2b8       __dcrt_get_or_create_narrow_environment_nolock 000000014001c2b8 f   libucrt:environment_initialization.obj
 0001:0001b304       __dcrt_get_or_create_wide_environment_nolock 000000014001c304 f   libucrt:environment_initialization.obj
 0001:0001b350       __dcrt_uninitialize_environments_nolock 000000014001c350 f   libucrt:environment_initialization.obj
 0001:0001b398       __p__environ               000000014001c398 f   libucrt:environment_initialization.obj
 0001:0001b3a4       __p__wenviron              000000014001c3a4 f   libucrt:environment_initialization.obj
 0001:0001b3b0       _get_initial_narrow_environment 000000014001c3b0 f   libucrt:environment_initialization.obj
 0001:0001b414       _get_initial_wide_environment 000000014001c414 f   libucrt:environment_initialization.obj
 0001:0001b478       _initialize_narrow_environment 000000014001c478 f   libucrt:environment_initialization.obj
 0001:0001b480       _initialize_wide_environment 000000014001c480 f   libucrt:environment_initialization.obj
 0001:0001b488       _initterm                  000000014001c488 f   libucrt:initterm.obj
 0001:0001b508       _initterm_e                000000014001c508 f   libucrt:initterm.obj
 0001:0001b554       ??$?B$$A6AXPEAXK0@Z@__crt_fast_encoded_nullptr_t@@QEBAP6AXPEAXK0@ZXZ 000000014001c554 f i libucrt:exit.obj
 0001:0001b5d8       ??$__crt_fast_decode_pointer@P6AXPEAXK0@Z@@YAP6AXPEAXK0@ZQ6AX0K0@Z@Z 000000014001c5d8 f i libucrt:exit.obj
 0001:0001b5f4       ??$__crt_fast_encode_pointer@P6AXPEAXK0@Z@@YAP6AXPEAXK0@ZQ6AX0K0@Z@Z 000000014001c5f4 f i libucrt:exit.obj
 0001:0001b61c       ??$__crt_get_proc_address@P6AXI@Z@@YAP6AXI@ZQEAUHINSTANCE__@@QEBD@Z 000000014001c61c f i libucrt:exit.obj
 0001:0001b624       ??$__crt_interlocked_read@J@@YAJPEDJ@Z 000000014001c624 f i libucrt:exit.obj
 0001:0001b654       ??0?$__crt_unique_handle_t@U__crt_hmodule_traits@@@@QEAA@QEAUHINSTANCE__@@@Z 000000014001c654 f i libucrt:exit.obj
 0001:0001b65c       ??1?$__crt_unique_handle_t@U__crt_hmodule_traits@@@@QEAA@XZ 000000014001c65c f i libucrt:exit.obj
 0001:0001b78c       ?__acrt_select_exit_lock@@YA?AW4__acrt_lock_id@@XZ 000000014001c78c f i libucrt:exit.obj
 0001:0001b794       ?__crt_fast_encode_pointer@@YA?AU__crt_fast_encoded_nullptr_t@@$$T@Z 000000014001c794 f i libucrt:exit.obj
 0001:0001b79c       ?__crt_interlocked_read_32@@YAHPEDH@Z 000000014001c79c f i libucrt:exit.obj
 0001:0001b7b0       ?close@?$__crt_unique_handle_t@U__crt_hmodule_traits@@@@QEAAXXZ 000000014001c7b0 f i libucrt:exit.obj
 0001:0001b7dc       ?close@__crt_hmodule_traits@@SA_NPEAUHINSTANCE__@@@Z 000000014001c7dc f i libucrt:exit.obj
 0001:0001b940       ?get@?$__crt_unique_handle_t@U__crt_hmodule_traits@@@@QEBAPEAUHINSTANCE__@@XZ 000000014001c940 f i libucrt:exit.obj
 0001:0001b944       ?get_address_of@?$__crt_unique_handle_t@U__crt_hmodule_traits@@@@QEAAPEAPEAUHINSTANCE__@@XZ 000000014001c944 f i libucrt:exit.obj
 0001:0001b948       ?get_invalid_value@__crt_hmodule_traits@@SAPEAUHINSTANCE__@@XZ 000000014001c948 f i libucrt:exit.obj
 0001:0001ba64       _Exit                      000000014001ca64 f   libucrt:exit.obj
 0001:0001ba74       __acrt_initialize_thread_local_exit_callback 000000014001ca74 f   libucrt:exit.obj
 0001:0001ba80       _c_exit                    000000014001ca80 f   libucrt:exit.obj
 0001:0001ba94       _cexit                     000000014001ca94 f   libucrt:exit.obj
 0001:0001baa4       _exit                      000000014001caa4 f   libucrt:exit.obj
 0001:0001bab4       _is_c_termination_complete 000000014001cab4 f   libucrt:exit.obj
 0001:0001babc       _register_thread_local_exe_atexit_callback 000000014001cabc f   libucrt:exit.obj
 0001:0001bb08       exit                       000000014001cb08 f   libucrt:exit.obj
 0001:0001bb14       quick_exit                 000000014001cb14 f   libucrt:exit.obj
 0001:0001bb24       ??$__crt_interlocked_read@H@@YAHPEDH@Z 000000014001cb24 f i libucrt:setmode.obj
 0001:0001bb28       ?value@?$dual_state_global@H@__crt_state_management@@QEAAAEAHXZ 000000014001cb28 f i libucrt:setmode.obj
 0001:0001bb2c       _get_fmode                 000000014001cb2c f   libucrt:setmode.obj
 0001:0001bb68       _set_fmode                 000000014001cb68 f   libucrt:setmode.obj
 0001:0001bbb4       _setmode                   000000014001cbb4 f   libucrt:setmode.obj
 0001:0001bcf8       _setmode_nolock            000000014001ccf8 f   libucrt:setmode.obj
 0001:0001be10       __acrt_initialize_command_line 000000014001ce10 f   libucrt:argv_data.obj
 0001:0001be40       __acrt_uninitialize_command_line 000000014001ce40 f   libucrt:argv_data.obj
 0001:0001be44       __p___argc                 000000014001ce44 f   libucrt:argv_data.obj
[...]
 0002:0001375c       $unwind$__acrt_stdio_flush_and_write_wide_nolock 000000014007f75c     libucrt:_flsbuf.obj
 0002:00013770       $unwind$?stream_is_at_end_of_file_nolock@@YA_NV__crt_stdio_stream@@@Z 000000014007f770     libucrt:_flsbuf.obj
 0002:00013778       $unwind$??$common_flush_and_write_nolock@D@@YAHHV__crt_stdio_stream@@@Z 000000014007f778     libucrt:_flsbuf.obj
 0002:0001378c       $unwind$??$common_flush_and_write_nolock@_W@@YAHHV__crt_stdio_stream@@@Z 000000014007f78c     libucrt:_flsbuf.obj
 0002:000137a0       $unwind$??$write_buffer_nolock@D@@YA_NDV__crt_stdio_stream@@@Z 000000014007f7a0     libucrt:_flsbuf.obj
 0002:000137b4       $unwind$??$write_buffer_nolock@_W@@YA_N_WV__crt_stdio_stream@@@Z 000000014007f7b4     libucrt:_flsbuf.obj
 0002:000137c8       $unwind$mbstowcs_s         000000014007f7c8     libucrt:mbstowcs.obj
 0002:000137d0       $unwind$_mbstowcs_s_l      000000014007f7d0     libucrt:mbstowcs.obj
 0002:000137ec       $unwind$?_mbstowcs_l_helper@@YA_KPEA_WPEBD_KPEAU__crt_locale_pointers@@@Z 000000014007f7ec     libucrt:mbstowcs.obj
 0002:00013808       $unwind$__acrt_CompareStringW 000000014007f808     libucrt:comparestringw.obj
 0002:00013824       $unwind$_strnicmp          000000014007f824     libucrt:strnicmp.obj
 0002:0001382c       $unwind$_strnicmp_l        000000014007f82c     libucrt:strnicmp.obj
 0002:00013840       $unwind$__acrt_CompareStringA 000000014007f840     libucrt:comparestringa.obj
 0002:00013854       $unwind$?InternalCompareStringA@@YAHPEAU__crt_locale_pointers@@PEB_WKPEBDH2HH@Z 000000014007f854     libucrt:comparestringa.obj
 0002:0001387c       $unwind$_towlower_l        000000014007f87c     libucrt:towlower.obj
 0002:00013884       $unwind$?common_lseek_do_seek_nolock@@YAJQEAXJH@Z 000000014007f884     libucrt:lseek.obj
 0002:00013898       $unwind$?common_lseek_do_seek_nolock@@YA_JQEAX_JH@Z 000000014007f898     libucrt:lseek.obj
 0002:000138a0       $unwind$??$common_lseek@J@@YAJHJH@Z 000000014007f8a0     libucrt:lseek.obj
 0002:000138d4       $unwind$?fin$0@?0???$common_lseek@J@@YAJHJH@Z@4HA 000000014007f8d4     libucrt:lseek.obj
 0002:000138dc       $unwind$??$common_lseek@_J@@YA_JH_JH@Z 000000014007f8dc     libucrt:lseek.obj
 0002:00013910       $unwind$?fin$0@?0???$common_lseek@_J@@YA_JH_JH@Z@4HA 000000014007f910     libucrt:lseek.obj
 0002:00013918       $unwind$??$common_lseek_nolock@J@@YAJHJH@Z 000000014007f918     libucrt:lseek.obj
 0002:00013930       $unwind$??$common_lseek_nolock@_J@@YA_JH_JH@Z 000000014007f930     libucrt:lseek.obj
 0002:00013944       $unwind$_putwch            000000014007f944     libucrt:putwch.obj
 0002:0001394c       $unwind$_putwch_nolock     000000014007f94c     libucrt:putwch.obj
 0002:00013954       $unwind$??$__acrt_lock_and_call@V<lambda_9e0b6ab72a5b3ae37ad997d08b519f50>@@@@YAGW4__acrt_lock_id@@$$QEAV<lambda_9e0b6ab72a5b3ae37ad997d08b519f50>@@@Z 000000014007f954     libucrt:putwch.obj
 0002:0001395c       $unwind$??$?RV<lambda_0384895ae1aa6ccbfe369a30d6ca2ef7>@@AEAV<lambda_9e0b6ab72a5b3ae37ad997d08b519f50>@@V<lambda_7e22f70504d73c22058e5832bde5914f>@@@?$__crt_seh_guarded_call@G@@QEAAG$$QEAV<lambda_0384895ae1aa6ccbfe369a30d6ca2ef7>@@AEAV<lambda_9e0b6ab72a5b3ae37ad997d08b519f50>@@$$QEAV<lambda_7e22f70504d73c22058e5832bde5914f>@@@Z 000000014007f95c     libucrt:putwch.obj
 0002:00013984       $unwind$?fin$0@?0???$?RV<lambda_0384895ae1aa6ccbfe369a30d6ca2ef7>@@AEAV<lambda_9e0b6ab72a5b3ae37ad997d08b519f50>@@V<lambda_7e22f70504d73c22058e5832bde5914f>@@@?$__crt_seh_guarded_call@G@@QEAAG$$QEAV<lambda_0384895ae1aa6ccbfe369a30d6ca2ef7>@@AEAV<lambda_9e0b6ab72a5b3ae37ad997d08b519f50>@@$$QEAV<lambda_7e22f70504d73c22058e5832bde5914f>@@@Z@4HA 000000014007f984     libucrt:putwch.obj
 0002:0001398c       $unwind$_read              000000014007f98c     libucrt:read.obj
 0002:000139c0       $unwind$_read$fin$0        000000014007f9c0     libucrt:read.obj
 0002:000139c8       $unwind$_read_nolock       000000014007f9c8     libucrt:read.obj
 0002:000139e4       $unwind$?translate_utf16_from_console_nolock@@YAHHQEA_W_K@Z 000000014007f9e4     libucrt:read.obj
 0002:000139ec       $unwind$?translate_ansi_or_utf8_nolock@@YAHHQEAD_KQEA_W1@Z 000000014007f9ec     libucrt:read.obj
 0002:00013a0c       $unwind$??$translate_text_mode_nolock@D@@YAHHQEAD_K@Z 000000014007fa0c     libucrt:read.obj
 0002:00013a28       $unwind$??$translate_text_mode_nolock@_W@@YAHHQEA_W_K@Z 000000014007fa28     libucrt:read.obj
 0002:00013a44       $unwind$fclose             000000014007fa44     libucrt:fclose.obj
 0002:00013a6c       $unwind$fclose$fin$0       000000014007fa6c     libucrt:fclose.obj
 0002:00013a74       $unwind$_fclose_nolock     000000014007fa74     libucrt:fclose.obj
 0002:00013a84       $unwind$?__mbrtoc32_utf8@__crt_mbstring@@YA_KPEA_UPEBD_KPEAU_Mbstatet@@@Z 000000014007fa84     libucrt:mbrtoc32.obj
 0002:00013aa4       $unwind$fegetenv           000000014007faa4     libucrt:fegetenv.obj
 0002:00013aac       $unwind$fesetenv           000000014007faac     libucrt:fesetenv.obj
 0002:00013ab4       $unwind$feholdexcept       000000014007fab4     libucrt:feholdexcept.obj
 0002:00013ac0       $xdatasym                  000000014007fac0     libucrt:log10.obj
 0002:00013ad0       $unwind$__acrt_stdio_allocate_buffer_nolock 000000014007fad0     libucrt:_getbuf.obj
 0002:00013ae0       $unwind$__acrt_LCMapStringW 000000014007fae0     libucrt:lcmapstringw.obj
 0002:00013af8       $unwind$__dcrt_lowio_ensure_console_output_initialized 000000014007faf8     libucrt:initcon.obj
 0002:00013b00       $unwind$__dcrt_write_console 000000014007fb00     libucrt:initcon.obj
 0002:00013b18       $unwind$?__dcrt_lowio_initialize_console_output@@YAXXZ 000000014007fb18     libucrt:initcon.obj
 0002:00013b20       $unwind$__dcrt_terminate_console_output 000000014007fb20     libucrt:initcon.obj
 0002:00013b28       $unwind$??R<lambda_61c1b8a38cedca4df5fdc542e6ccae6d>@@QEBAHXZ 000000014007fb28     libucrt:initcon.obj
 0002:00013b30       $unwind$??$console_output_reopen_and_retry@V<lambda_61c1b8a38cedca4df5fdc542e6ccae6d>@@@@YAHAEBV<lambda_61c1b8a38cedca4df5fdc542e6ccae6d>@@@Z 000000014007fb30     libucrt:initcon.obj
 0002:00013b40       $unwind$_close             000000014007fb40     libucrt:close.obj
 0002:00013b48       $unwind$_close_nolock      000000014007fb48     libucrt:close.obj
 0002:00013b58       $unwind$?close_os_handle_nolock@@YAKH@Z 000000014007fb58     libucrt:close.obj
 0002:00013b68       $unwind$??R<lambda_628dfdc04ba53c8bfc02c9951375f3f5>@@QEBAHXZ 000000014007fb68     libucrt:close.obj
 0002:00013b70       $unwind$??$__acrt_lowio_lock_fh_and_call@V<lambda_628dfdc04ba53c8bfc02c9951375f3f5>@@@@YAHH$$QEAV<lambda_628dfdc04ba53c8bfc02c9951375f3f5>@@@Z 000000014007fb70     libucrt:close.obj
 0002:00013b78       $unwind$??$?RV<lambda_751a882b2c74d4b022dec766aa51a29a>@@AEAV<lambda_628dfdc04ba53c8bfc02c9951375f3f5>@@V<lambda_f6c7be5f7998530c34de24c7437d6b54>@@@?$__crt_seh_guarded_call@H@@QEAAH$$QEAV<lambda_751a882b2c74d4b022dec766aa51a29a>@@AEAV<lambda_628dfdc04ba53c8bfc02c9951375f3f5>@@$$QEAV<lambda_f6c7be5f7998530c34de24c7437d6b54>@@@Z 000000014007fb78     libucrt:close.obj
 0002:00013ba0       $unwind$?fin$0@?0???$?RV<lambda_751a882b2c74d4b022dec766aa51a29a>@@AEAV<lambda_628dfdc04ba53c8bfc02c9951375f3f5>@@V<lambda_f6c7be5f7998530c34de24c7437d6b54>@@@?$__crt_seh_guarded_call@H@@QEAAH$$QEAV<lambda_751a882b2c74d4b022dec766aa51a29a>@@AEAV<lambda_628dfdc04ba53c8bfc02c9951375f3f5>@@$$QEAV<lambda_f6c7be5f7998530c34de24c7437d6b54>@@@Z@4HA 000000014007fba0     libucrt:close.obj
 0002:00013ba8       $unwind$?__acrt_stdio_allocate_stream@@YA?AV__crt_stdio_stream@@XZ 000000014007fba8     libucrt:stream.obj
 0002:00013bcc       $unwind$?fin$0@?0??__acrt_stdio_allocate_stream@@YA?AV__crt_stdio_stream@@XZ@4HA 000000014007fbcc     libucrt:stream.obj
 0002:00013bd4       $unwind$?find_or_allocate_unused_stream_nolock@@YA?AV__crt_stdio_stream@@XZ 000000014007fbd4     libucrt:stream.obj
 0002:00013bec       $unwind$??1?$__crt_unique_heap_ptr@U__crt_stdio_stream_data@@U__crt_internal_free_policy@@@@QEAA@XZ 000000014007fbec     libucrt:stream.obj
 0002:00013bf4       $unwind$?release@?$__crt_unique_heap_ptr@U__crt_stdio_stream_data@@U__crt_internal_free_policy@@@@QEAAXXZ 000000014007fbf4     libucrt:stream.obj
 0002:00013bfc       $unwind$__acrt_fenv_set_control 000000014007fbfc     libucrt:_fenvutils.obj
 0002:00013c10       $unwind$?to_machine_sse_control@@YA?AW4__acrt_fenv_machine_sse_control@@W4__acrt_fenv_abstract_control@@@Z 000000014007fc10     libucrt:_fenvutils.obj
 0002:00013c24       $unwind$_clearfp           000000014007fc24     libucrt:ieee.obj
 0002:00013c2c       $unwind$_set_controlfp     000000014007fc2c     libucrt:ieee.obj
 0002:00013c34       $unwind$common_control87   000000014007fc34     libucrt:ieee.obj
 0002:00013c64       $unwind$common_control87$filt$0 000000014007fc64     libucrt:ieee.obj
 0002:00013c6c       $unwind$_call_matherr      000000014007fc6c     libucrt:libm_error.obj
 0002:00013c74       $unwind$_exception_enabled 000000014007fc74     libucrt:libm_error.obj
 0002:00013c88       $unwind$_handle_errorf     000000014007fc88     libucrt:libm_error.obj
 0002:00013cac       $unwind$_handle_error      000000014007fcac     libucrt:libm_error.obj
 0002:00013cd0       $unwind$__acrt_initialize_fma3 000000014007fcd0     libucrt:fma3_available.obj
 0002:00013cd8       $unwind$_logf_special_common 000000014007fcd8     libucrt:log_special.obj
 0002:00013ce8       $unwind$_logf_special      000000014007fce8     libucrt:log_special.obj
 0002:00013cf0       $unwind$_log10f_special    000000014007fcf0     libucrt:log_special.obj
 0002:00013cf8       $unwind$_log_special_common 000000014007fcf8     libucrt:log_special.obj
 0002:00013d08       $unwind$_log_special       000000014007fd08     libucrt:log_special.obj
 0002:00013d10       $unwind$_log10_special     000000014007fd10     libucrt:log_special.obj
 0002:00013d18       $xdatasym                  000000014007fd18     libucrt:fpsr.obj
 0002:00013d20       $unwind$_except1           000000014007fd20     libucrt:fpexcept.obj
 0002:00013d44       $unwind$_except2           000000014007fd44     libucrt:fpexcept.obj
 0002:00013d6c       $unwind$_set_errno_from_matherr 000000014007fd6c     libucrt:fpexcept.obj
 0002:00013d74       $unwind$_handle_exc        000000014007fd74     libucrt:fpexcept.obj
 0002:00013d94       $unwind$_raise_excf        000000014007fd94     libucrt:fpexcept.obj
 0002:00013d9c       $unwind$_raise_exc         000000014007fd9c     libucrt:fpexcept.obj
 0002:00013da4       $unwind$_umatherr          000000014007fda4     libucrt:fpexcept.obj
 0002:00013dac       $unwind$_raise_exc_ex      000000014007fdac     libucrt:fpexcept.obj
 0002:00013dc4       $unwind$_clrfp             000000014007fdc4     libucrt:fpctrl.obj
 0002:00013dcc       $unwind$_ctrlfp            000000014007fdcc     libucrt:fpctrl.obj
 0002:00013df8       $unwind$_ctrlfp$filt$0     000000014007fdf8     libucrt:fpctrl.obj
 0002:00013e00       $unwind$_statfp            000000014007fe00     libucrt:fpctrl.obj
 0002:00013e08       $unwind$_set_statfp        000000014007fe08     libucrt:fpctrl.obj
 0002:00013e10       $unwind$_IsNonwritableInCurrentImage 000000014007fe10     LIBCMT:pesect.obj
 0002:00013e38       $unwind$_IsNonwritableInCurrentImage$filt$0 000000014007fe38     LIBCMT:pesect.obj
 0002:00013e40       $unwind$??_Gtype_info@@UEAAPEAXI@Z 000000014007fe40     LIBCMT:std_type_info_static.obj
 0002:00013e48       $unwind$__GSHandlerCheckCommon 000000014007fe48     LIBCMT:gshandler.obj
 0002:00013e50       $unwind$__GSHandlerCheck   000000014007fe50     LIBCMT:gshandler.obj
 0002:00013e58       $xdatasym                  000000014007fe58     LIBCMT:amdsecgs.obj
 0002:00013e5c       $unwind$__GSHandlerCheck_SEH 000000014007fe5c     LIBCMT:gshandlerseh.obj
 0002:00013e78       $unwind$__report_securityfailure 000000014007fe78     LIBCMT:gs_report.obj
 0002:00013e80       $unwind$__report_securityfailureEx 000000014007fe80     LIBCMT:gs_report.obj
 0002:00013e88       $unwind$__report_rangecheckfailure 000000014007fe88     LIBCMT:gs_report.obj
 0002:00013e90       $unwind$__report_gsfailure 000000014007fe90     LIBCMT:gs_report.obj
 0002:00013e98       $unwind$capture_current_context 000000014007fe98     LIBCMT:gs_report.obj
 0002:00013ea8       $unwind$capture_previous_context 000000014007fea8     LIBCMT:gs_report.obj
 0002:00013eb8       $unwind$__raise_securityfailure 000000014007feb8     LIBCMT:gs_report.obj
 0002:00013ec0       $xdatasym                  000000014007fec0     LIBCMT:chkstk.obj
 0002:00013ec8       $xdatasym                  000000014007fec8     libvcruntime:memcmp.obj
 0002:00013ecc       $unwind$_local_unwind      000000014007fecc     libvcruntime:jmpuwind.obj
 0003:00000040       ?__vcrt_flsindex@@3KA      0000000140081040     libvcruntime:per_thread_data.obj
 0003:00000048       ?prefix@?1??getDimension@UnDecorator@@CA?AVDName@@_N@Z@4UStringLiteral@@A 0000000140081048     libvcruntime:undname.obj
 0003:00000060       _ctype_loc_style           0000000140081060     libucrt:wsetlocale.obj
 0003:00000070       ?__acrt_flsindex@@3KA      0000000140081070     libucrt:per_thread_data.obj
 0003:00000074       ?errno_no_memory@@3HA      0000000140081074     libucrt:errno.obj
 0003:00000078       ?doserrno_no_memory@@3KA   0000000140081078     libucrt:errno.obj
 0003:00000320       _mbctypes                  0000000140081320     libucrt:mbctype.obj
 0003:00000460       _mbcasemaps                0000000140081460     libucrt:mbctype.obj
 0003:00000594       ?__rgctypeflag@@3PADA      0000000140081594     libucrt:mbctype.obj
 0003:000005a0       ?__rgcode_page_info@@3PAUcode_page_info@@A 00000001400815a0     libucrt:mbctype.obj
 0003:00000c50       ?__dcrt_lowio_console_output_handle@@3PEAXEA 0000000140081c50     libucrt:initcon.obj
 0003:00000c59       ?dazSupported@?1??common_control87@@9@9 0000000140081c59     libucrt:ieee.obj
 0003:00000c60       ?dazSupported@?1??_ctrlfp@@9@9 0000000140081c60     libucrt:fpctrl.obj
 0003:00001080       ?is_initialized_as_dll@@3_NA 0000000140082080     LIBCMT:utility.obj
 0003:00001081       ?module_local_atexit_table_initialized@@3_NA 0000000140082081     LIBCMT:utility.obj
 0003:00001088       ?module_local_atexit_table@@3U_onexit_table_t@@A 0000000140082088     LIBCMT:utility.obj
 0003:000010a0       ?module_local_at_quick_exit_table@@3U_onexit_table_t@@A 00000001400820a0     LIBCMT:utility.obj
 0003:00001130       ?__vcrt_startup_thread_ptd@@3U__vcrt_ptd@@A 0000000140082130     libvcruntime:per_thread_data.obj
 0003:000011d0       __vcrt_lock_table          00000001400821d0     libvcruntime:locks.obj
 0003:000011f8       __vcrt_locks_initialized   00000001400821f8     libvcruntime:locks.obj
 0003:00001248       ?heap@@3V_HeapManager@@A   0000000140082248     libvcruntime:undname.obj
 0003:00001288       ?module_handles@@3PAPEAUHINSTANCE__@@A 0000000140082288     libvcruntime:winapi_downlevel.obj
 0003:000012a0       ?function_pointers@@3PAPEAXA 00000001400822a0     libvcruntime:winapi_downlevel.obj
 0003:000012e4       ?__acrt_app_type@@3W4_crt_app_type@@A 00000001400822e4     libucrt:report_runtime_error.obj
 0003:000012f0       ?outmsg@?9??__acrt_report_runtime_error@@9@4PA_WA 00000001400822f0     libucrt:report_runtime_error.obj
 0003:00001a58       ?user_matherr@@3V?$dual_state_global@P6AHPEAU_exception@@@Z@__crt_state_management@@A 0000000140082a58     libucrt:matherr.obj
 0003:00001a70       ?program_name@?1???$common_configure_argv@D@@YAHW4_crt_argv_mode@@@Z@4PADA 0000000140082a70     libucrt:argv_parsing.obj
 0003:00001bb0       ?program_name@?1???$common_configure_argv@_W@@YAHW4_crt_argv_mode@@@Z@4PA_WA 0000000140082bb0     libucrt:argv_parsing.obj
 0003:00001e5c       ?c_termination_complete@@3JA 0000000140082e5c     libucrt:exit.obj
 0003:00001e60       ?thread_local_exit_callback_func@@3P6AXPEAXK0@ZEA 0000000140082e60     libucrt:exit.obj
 0003:00001ed0       ?__acrt_global_new_mode@@3V?$dual_state_global@J@__crt_state_management@@A 0000000140082ed0     libucrt:new_mode.obj
 0003:00001f18       ?__acrt_invalid_parameter_handler@@3V?$dual_state_global@P6AXPEB_W00I_K@Z@__crt_state_management@@A 0000000140082f18     libucrt:invalid_parameter.obj
 0003:00001f24       __acrt_error_mode          0000000140082f24     libucrt:set_error_mode.obj
 0003:00001f40       ?fSystemSet@@3HA           0000000140082f40     libucrt:mbctype.obj
 0003:00001f49       ?initialized@?1??__acrt_initialize_multibyte@@9@4_NA 0000000140082f49     libucrt:mbctype.obj
 0003:00001f50       ?__acrt_lock_table@@3PAU_RTL_CRITICAL_SECTION@@A 0000000140082f50     libucrt:locks.obj
 0003:00002180       ?__acrt_locks_initialized@@3IA 0000000140083180     libucrt:locks.obj
 0003:000021f4       ?state_cache@?1???$get_cached_win_policy@Ubegin_thread_init_policy_properties@?1??__acrt_get_begin_thread_init_policy@@YA?AW4begin_thread_init_policy@@XZ@@@YA?AW4begin_thread_init_policy@@W4AppPolicyThreadInitializationType@@@Z@4JA 00000001400831f4     libucrt:win_policies.obj
 0003:000021f8       ?state_cache@?1???$get_cached_win_policy@Udeveloper_information_policy_properties@?1??__acrt_get_developer_information_policy@@YA?AW4developer_information_policy@@XZ@@@YA?AW4developer_information_policy@@W4AppPolicyShowDeveloperDiagnostic@@@Z@4JA 00000001400831f8     libucrt:win_policies.obj
 0003:000021fc       ?state_cache@?1???$get_cached_win_policy@Uwindowing_model_policy_properties@?1??__acrt_get_windowing_model_policy@@YA?AW4windowing_model_policy@@XZ@@@YA?AW4windowing_model_policy@@W4AppPolicyWindowingModel@@@Z@4JA 00000001400831fc     libucrt:win_policies.obj
 0003:000026f0       ?module_handles@@3PAPEAUHINSTANCE__@@A 00000001400836f0     libucrt:winapi_thunks.obj
 0003:00002790       ?encoded_function_pointers@@3PAPEAXA 0000000140083790     libucrt:winapi_thunks.obj
 0003:000028f8       ?static_enum_proc@?1??enum_system_locales_ex_nolock@@YAHQ6AHPEA_WK_J@Z@Z@4P6AH0K1@ZEA 00000001400838f8     libucrt:winapi_thunks.obj
 0003:00002918       ?__acrt_new_handler@@3V?$dual_state_global@P6AH_K@Z@__crt_state_management@@A 0000000140083918     libucrt:new_handler.obj
 0003:00002921       ?console_ctrl_handler_installed@@3_NA 0000000140083921     libucrt:signal.obj
 0003:00002928       ?ctrlc_action@@3V?$dual_state_global@P6AXH@Z@__crt_state_management@@A 0000000140083928     libucrt:signal.obj
 0003:00002930       ?ctrlbreak_action@@3V?$dual_state_global@P6AXH@Z@__crt_state_management@@A 0000000140083930     libucrt:signal.obj
 0003:00002938       ?abort_action@@3V?$dual_state_global@P6AXH@Z@__crt_state_management@@A 0000000140083938     libucrt:signal.obj
 0003:00002940       ?term_action@@3V?$dual_state_global@P6AXH@Z@__crt_state_management@@A 0000000140083940     libucrt:signal.obj
 0003:00002988       ?internal_state@?1??_mbtowc_l@@9@4U_Mbstatet@@A 0000000140083988     libucrt:mbtowc.obj
 0003:00002998       ?enable_percent_n@@3_KA    0000000140083998     libucrt:printf_count_output.obj
 0003:000029a8       ?mbst@?1??mbrlen@@9@4U_Mbstatet@@A 00000001400839a8     libucrt:mbrtowc.obj
 0003:000029b8       ?mbst@?1??mbrtowc@@9@4U_Mbstatet@@A 00000001400839b8     libucrt:mbrtowc.obj
 0003:000029c8       ?mbst@?1??_mbsrtowcs_helper@@YA_KPEA_WPEAPEBD_KPEAU_Mbstatet@@@Z@4U2@A 00000001400839c8     libucrt:mbrtowc.obj
 0003:000029d8       ?internal_pst@?1??__mbrtoc32_utf8@__crt_mbstring@@YA_KPEA_UPEBD_KPEAU_Mbstatet@@@Z@4U3@A 00000001400839d8     libucrt:mbrtoc32.obj
 0003:000029f0       GS_ExceptionRecord         00000001400839f0     LIBCMT:gs_report.obj
 0003:00002a90       GS_ContextRecord           0000000140083a90     LIBCMT:gs_report.obj
 0005:00000860       .idata$6                   000000014008a860     kernel32:KERNEL32.dll
 0007:00000000       MsetTab                    000000014008c000     libvcruntime:memset.obj
 0007:00000060       MoveSmall                  000000014008c060     libvcruntime:memcpy.obj
